Unity Editor version:    6000.6.0f1 (f7f8ed4d1e24)
Branch:                  6000.6/respin/6000.6.0f1-fa21a270ab12
Build type:              Release
Batch mode:              YES
macOS version:           Version 26.0 (Build 25A354)
Darwin version:          25.0.0
Architecture:            arm64
Running under Rosetta:   NO
Available memory:        49152 MB
Date:                    2026-09-05T18:37:12Z
[Licensing::Module] Trying to connect to existing licensing client channel...
[Licensing::IpcConnector] Successfully connected to: "LicenseClient-andrewfalcon" at "2026-09-05T18:37:12.697742Z"

COMMAND LINE ARGUMENTS:
/Applications/Unity/Hub/Editor/6000.6.0f1/Unity.app/Contents/MacOS/Unity
-adb2
-batchMode
-noUpm
-name
AssetImportWorkerHW0
-projectPath
/Users/andrewfalcon/Desktop/dnHacks/dnHacksEnv
-logFile
Logs/AssetImportWorkerHW0.log
-srvPort
50918
-parentPid
80761
-analyticsCloudUserId
anonymous
-analyticsLocalProjectId
0848b26226d8d4fa3a949071fe926d8c
-editorAnalyticsEnabled
1
-cbmEditorLicense
649d3b8a73547e54ef235050db337392b2547bfa
-cbmMachineId
KZk5vGQL4ROR8az3C+7fIMKs9MY=
-licensingIpc
LicenseClient-andrewfalcon
-noDiagnosticSwitchPersistentStore
-job-worker-count
6
-background-job-worker-count
8
-asset-garbage-collectors
1
-force-metal
-name AssetImport
Successfully changed project path to: /Users/andrewfalcon/Desktop/dnHacks/dnHacksEnv
/Users/andrewfalcon/Desktop/dnHacks/dnHacksEnv
[UnityMemory] Configuration Parameters - Can be set up in boot.config
    "memorysetup-temp-allocator-size-gi-baking-worker=262144"
    "memorysetup-temp-allocator-size-gi-baking-worker=262144"
    "memorysetup-temp-allocator-size-gi-baking-worker=262144"
    "memorysetup-temp-allocator-size-gi-baking-worker=262144"
    "memorysetup-temp-allocator-size-gi-baking-worker=262144"
    "memorysetup-temp-allocator-size-nav-mesh-worker=65536"
    "memorysetup-temp-allocator-size-audio-worker=65536"
    "memorysetup-temp-allocator-size-cloud-worker=32768"
    "memorysetup-temp-allocator-size-preload-manager=33554432"
    "memorysetup-remapper-allocator-initial-capacity=32768"
    "memorysetup-temp-allocator-size-gfx=262144"
    "memorysetup-allocator-temp-initial-block-size-main=262144"
    "memorysetup-allocator-temp-initial-block-size-worker=262144"
    "memorysetup-temp-allocator-size-background-worker=32768"
    "memorysetup-temp-allocator-size-job-worker=262144"
    "memorysetup-bucket-allocator-granularity=16"
    "memorysetup-bucket-allocator-bucket-count=8"
    "memorysetup-bucket-allocator-block-size=33554432"
    "memorysetup-bucket-allocator-block-count=8"
    "memorysetup-main-allocator-block-size=16777216"
    "memorysetup-thread-allocator-block-size=16777216"
    "memorysetup-main-allocator-mimalloc-enabled=1"
    "memorysetup-gfx-main-allocator-block-size=16777216"
    "memorysetup-gfx-thread-allocator-block-size=16777216"
    "memorysetup-cache-allocator-block-size=4194304"
    "memorysetup-typetree-allocator-block-size=2097152"
    "memorysetup-profiler-bucket-allocator-granularity=16"
    "memorysetup-profiler-bucket-allocator-bucket-count=8"
    "memorysetup-profiler-bucket-allocator-block-size=33554432"
    "memorysetup-profiler-bucket-allocator-block-count=8"
    "memorysetup-profiler-allocator-block-size=16777216"
    "memorysetup-profiler-editor-allocator-block-size=1048576"
    "memorysetup-temp-allocator-size-main=16777216"
    "memorysetup-job-temp-allocator-block-size=2097152"
    "memorysetup-job-temp-allocator-block-size-background=1048576"
    "memorysetup-job-temp-allocator-reduction-small-platforms=262144"
Player connection [8388331520]  Target information:

Player connection [8388331520]  * "[IP] 192.168.9.198 [Port] 0 [Flags] 2 [Guid] 2178141796 [EditorId] 2178141796 [Version] 1048832 [Id] OSXEditor(0,Andrews-MacBook-Pro-8.local) [Debug] 1 [PackageName] OSXEditor [ProjectName] Editor" 

Player connection [8388331520] Host joined multi-casting on [225.0.0.222:54997]...
Player connection [8388331520] Host joined alternative multi-casting on [225.0.0.222:34997]...
JobSystem: Creating JobQueue using job-worker-count value 6
Input System module state changed to: Initialized.
[Physics::Module] Initialized fallback backend.
[Physics::Module] Id: 0xdecafbad
Library Redirect Path: Library/
Initialising UDS system complete:
  - System type: Client
  - Resource namespace: 7149bca65bd04e376f6edb737fb02f50
  - Shared memory size: 1073741824
  - Command buffer id: 1052672
  - Command buffer size: 8192
  - Hashmap size: 4194304
  - Service connected: true
  - Service working directory: Library/DataStore/
[Physics::Module] Selected backend.
[Physics::Module] Name: PhysX
[Physics::Module] Id: 0xf2b8ea05
[Physics::Module] SDK Version: 4.1.2
[Physics::Module] Integration Version: 1.0.0
[Physics::Module] Threading Mode: Multi-Threaded
Initialize engine version: 6000.6.0f1 (f7f8ed4d1e24)
[EntityIdStore] init: VM path (explicit commit), pageSize=16384, blockCount=262144, entitiesPerBlock=1024, slots reserved=4294967296 bytes
[Subsystems] Discovering subsystems at path /Applications/Unity/Hub/Editor/6000.6.0f1/Unity.app/Contents/Resources/UnitySubsystems
[Subsystems] Discovering subsystems at path /Users/andrewfalcon/Desktop/dnHacks/dnHacksEnv/Assets
Forcing GfxDevice: Metal
GfxDevice: creating device client; kGfxThreadingModeNonThreaded
 preferred device: Apple M4 Pro (high power)
Metal devices available: 1
0: Apple M4 Pro (high power)
Using device Apple M4 Pro (high power)
Initializing Metal device caps: Apple M4 Pro
Mac GPU Family: 2
Apple GPU Family: 9
MSL Version: 3.0
Has Float MSAA: 1
Has Float Filtering: 1
ReadWrite Texture Tier: 2
[Licensing::Client] Handshaking with LicensingClient:
  Version:                 1.18.3+d7ffd15
  Session Id:              e3cac0357aa646b38bbe33a353012389
  Correlation Id:          75868afe2b1e45bde79f13a17249b009
  External correlation Id: 115722193982376483
  Machine Id:              KZk5vGQL4ROR8az3C+7fIMKs9MY=
[Licensing::Module] Successfully connected to LicensingClient on channel: "LicenseClient-andrewfalcon" (connect: 0.00s, validation: 0.00s, handshake: 0.23s)
[Licensing::IpcConnector] Successfully connected to: "LicenseClient-andrewfalcon-notifications" at "2026-09-05T18:37:12.926802Z"
[Licensing::Module] Licensing Background thread has ended after 0.23s
Initialize mono
Mono path[0] = '/Applications/Unity/Hub/Editor/6000.6.0f1/Unity.app/Contents/Resources/Scripting/Managed'
Mono path[1] = '/Applications/Unity/Hub/Editor/6000.6.0f1/Unity.app/Contents/Resources/Scripting/BCLExtensions/runtime/netstandard2.1'
Mono path[2] = '/Applications/Unity/Hub/Editor/6000.6.0f1/Unity.app/Contents/Resources/Scripting/MonoBleedingEdge/lib/mono/unityjit-macos'
Mono config path = '/Applications/Unity/Hub/Editor/6000.6.0f1/Unity.app/Contents/Resources/Scripting/MonoBleedingEdge/etc'
Using monoOptions --debugger-agent=transport=dt_socket,embedding=1,server=y,suspend=n,address=127.0.0.1:56776
CodeReloadManager initialized
Begin MonoManager ReloadAssembly
Registering precompiled unity dll's ...
Register platform support module: /Applications/Unity/Hub/Editor/6000.6.0f1/PlaybackEngines/WebGLSupport/UnityEditor.WebGL.Extensions.dll
Register platform support module: /Applications/Unity/Hub/Editor/6000.6.0f1/PlaybackEngines/MacStandaloneSupport/UnityEditor.OSXStandalone.Extensions.dll
Registered in 0.000359 seconds.
Native extension for OSXStandalone target not found
Native extension for WebGL target not found
Package Manager log level set to [2]
[Package Manager] Failed to launch server process. Reason: Unity was launched with the -noUpm command-line argument
[Package Manager] Unable to send message (not connected to server process).
[Package Manager] Cannot connect to Unity Package Manager local server
ScheduleIndexationOnStartup MainProcess:False IndexOnStartup:True
Scripting: successfully reloaded assembly
- Finished resetting the current domain, in  0.287 seconds
Domain Reload Profiling: 532ms
	BeginReloadAssembly (38ms)
	RebuildCommonClasses (3ms)
	RebuildNativeTypeToScriptingClass (9ms)
	initialDomainReloadingComplete (26ms)
	LoadAllAssembliesAndSetupDomain (168ms)
		LoadAssemblies (38ms)
		TypeCache.Refresh (120ms)
			TypeCache.ScanAssembly (111ms)
		AnalyzeDomain (0ms)
	FinalizeReload (288ms)
		SetupLoadedEditorAssemblies (0ms)
			BeforeProcessingInitializeOnLoad (50ms)
			ProcessInitializeOnLoadAttributes (43ms)
			ProcessInitializeOnLoadMethodAttributes (139ms)
Initializing Unity extensions:
[Licensing::Client] Successfully resolved entitlement details
[Licensing::Module] License group:
  Id: 2476040624518-UnityPersXXXX
  Product: Unity Personal
  Type: Assigned
  Expiration: Unlimited
[CoreBusinessMetrics] Unexpected thread when updating session info.
[CoreBusinessMetrics] Unexpected thread when updating session info.
========================================================================
Worker process is ready to serve import requests
Import Worker Mode flag is 0x00
Begin MonoManager ReloadAssembly
'Packages/com.unity.render-pipelines.core/Editor/Deprecated.cs' contains partial class of Unity.Object, exactly 1 of the partial classes needs to be in a file with the same filename. This is to know the one that can be referenced from ie. GameObjects
'Packages/com.unity.render-pipelines.core/Editor/Deprecated.cs' contains partial class of Unity.Object, exactly 1 of the partial classes needs to be in a file with the same filename. This is to know the one that can be referenced from ie. GameObjects
Native extension for OSXStandalone target not found
Native extension for WebGL target not found
[Package Manager] Failed to launch server process. Reason: Unity was launched with the -noUpm command-line argument
[Package Manager] Unable to send message (not connected to server process).
[Package Manager] Cannot connect to Unity Package Manager local server
[Package Manager] Failed to launch server process. Reason: Unity was launched with the -noUpm command-line argument
[Package Manager] Unable to send message (not connected to server process).
[Package Manager] Cannot connect to Unity Package Manager local server
ScheduleIndexationOnStartup MainProcess:False IndexOnStartup:True
Scripting: successfully reloaded assembly
- Finished resetting the current domain, in  0.370 seconds
Domain Reload Profiling: 752ms
	BeginReloadAssembly (81ms)
		DisableScriptedObjects (4ms)
		CreateAndSetChildDomain (13ms)
	RebuildCommonClasses (5ms)
	RebuildNativeTypeToScriptingClass (9ms)
	initialDomainReloadingComplete (20ms)
	LoadAllAssembliesAndSetupDomain (267ms)
		LoadAssemblies (103ms)
		TypeCache.Refresh (93ms)
			TypeCache.ScanAssembly (84ms)
		AnalyzeDomain (30ms)
			BuildScriptInfoCaches (27ms)
	FinalizeReload (370ms)
		SetupLoadedEditorAssemblies (0ms)
			BeforeProcessingInitializeOnLoad (53ms)
			ProcessInitializeOnLoadAttributes (145ms)
			ProcessInitializeOnLoadMethodAttributes (30ms)
		AwakeInstancesAfterBackupRestoration (4ms)
AcceleratorClientConnectionCallback - disconnected - :0
WARNING: Shader Unsupported: 'Universal Render Pipeline/VR/SpatialMapping/Wireframe' - All subshaders removed
WARNING: Shader Did you use #pragma only_renderers and omit this platform?
WARNING: Shader If subshaders removal was intentional, you may have forgotten turning Fallback off?
Shader Hidden/ChartRasterizerHardware is not supported: GPU does not support conservative rasterization
Shader Hidden/ChartRasterizerHardware is not supported: GPU does not support conservative rasterization
Launching external process: /Applications/Unity/Hub/Editor/6000.6.0f1/Unity.app/Contents/Helpers/UnityShaderCompiler
Launched and connected shader compiler UnityShaderCompiler after 0.01 seconds
Unloading 63 Unused Serialized files (Serialized files now loaded: 0)
Unloading 6611 unused Assets / (8.8 MB). Loaded Objects now: 7469.
Memory consumption went from 190.1 MB to 181.3 MB.
Total: 5.709958 ms (FindLiveObjects: 0.483083 ms CreateObjectMapping: 0.117667 ms MarkObjects: 3.731083 ms  DeleteObjects: 1.292167 ms)

========================================================================
Received Import Request.
  Time of request: 2026-09-05T18:37:41.171616Z
  Time since last request: 1046786.5320512909675 seconds.
  importAddress: GUID: 614fb0ff6be344668a722b3a0a3f4e56 - Path: Assets/New Terrain.asset - Importer: PreviewImporter
Importing 'GUID: 614fb0ff6be344668a722b3a0a3f4e56 - Path: Assets/New Terrain.asset - Importer: PreviewImporter' with importer (PreviewImporter)
Imported 'GUID: 614fb0ff6be344668a722b3a0a3f4e56' -> (Import Result ID: '7d4aa29db046aa511ee60624ff8b2cd4') in 0.008 seconds [static and dynamic dependencies]. Details - ImportResultOutputID=9356743942e6a3767c8b905637a3bb1d DependenciesID=88b810a8b41b1808f78e46bbfbeb2205 StaticDependenciesID=a39b9e83dde010c1308c522d7f144b0f 
Number of updated asset objects reloaded before import = 0
Number of asset objects unloaded after import = 1
========================================================================
Received Prepare
AcceleratorClientConnectionCallback - disconnected - :0
WARNING: Shader Unsupported: 'Universal Render Pipeline/VR/SpatialMapping/Wireframe' - All subshaders removed
WARNING: Shader Did you use #pragma only_renderers and omit this platform?
WARNING: Shader If subshaders removal was intentional, you may have forgotten turning Fallback off?
Shader Hidden/ChartRasterizerHardware is not supported: GPU does not support conservative rasterization
Unloading 62 Unused Serialized files (Serialized files now loaded: 0)
Unloading 62 unused Assets / (5.1 MB). Loaded Objects now: 7472.
Memory consumption went from 184.2 MB to 179.1 MB.
Total: 5.353542 ms (FindLiveObjects: 0.266333 ms CreateObjectMapping: 0.053834 ms MarkObjects: 4.071208 ms  DeleteObjects: 0.867584 ms)

Prepare: number of updated asset objects reloaded= 0
========================================================================
Received Import Request.
  Time of request: 2026-09-05T18:57:33.686921Z
  Time since last request: 1192.4674937499999 seconds.
  importAddress: GUID: 81831c8e851ed44dc8d6dbf23053c088 - Path: Assets/DonetskEnvironment/donetskSatellite.jpg - Importer: ScriptedImporter/UnityEditor.QuickSearchModule:UnityEditor.Search:ASIAI0B
Importing 'GUID: 81831c8e851ed44dc8d6dbf23053c088 - Path: Assets/DonetskEnvironment/donetskSatellite.jpg - Importer: ScriptedImporter/UnityEditor.QuickSearchModule:UnityEditor.Search:ASIAI0B' with importer (ScriptedImporter : UnityEditor.QuickSearchModule:UnityEditor.Search:ASIAI0B)
Imported 'GUID: 81831c8e851ed44dc8d6dbf23053c088' -> (Import Result ID: '92132afa6110eb3d801feb01f37f87fd') in 0.051 seconds [static and dynamic dependencies]. Details - ImportResultOutputID=bb64e0d5109255f429e462060a2a3a70 DependenciesID=59169241cc80edceb41381d8c412b1f8 StaticDependenciesID=159fe318cfa68a7142f757247fede7ed 
Number of updated asset objects reloaded before import = 0
Number of asset objects unloaded after import = 1
========================================================================
Received Import Request.
  Time of request: 2026-09-05T18:57:33.744845Z
  Time since last request: 0.000037833 seconds.
  importAddress: GUID: c312225b2ff154375a71a9fa3fb70621 - Path: Assets/DonetskEnvironment - Importer: ScriptedImporter/UnityEditor.QuickSearchModule:UnityEditor.Search:ASIAI0B
Importing 'GUID: c312225b2ff154375a71a9fa3fb70621 - Path: Assets/DonetskEnvironment - Importer: ScriptedImporter/UnityEditor.QuickSearchModule:UnityEditor.Search:ASIAI0B' with importer (ScriptedImporter : UnityEditor.QuickSearchModule:UnityEditor.Search:ASIAI0B)
Imported 'GUID: c312225b2ff154375a71a9fa3fb70621' -> (Import Result ID: '349dca9521de4644331d85415e3ae49e') in 0.001 seconds [static and dynamic dependencies]. Details - ImportResultOutputID=6ebaa51f327869f1a4a52a823120dda0 DependenciesID=6ce78053305fec5bc7b228ee1a7612fc StaticDependenciesID=1003ae74c1bb17304258a05b45f50d4f 
Number of updated asset objects reloaded before import = 0
Number of asset objects unloaded after import = 1
========================================================================
Received Import Request.
  Time of request: 2026-09-05T18:59:03.245987Z
  Time since last request: 89.491150375 seconds.
  importAddress: GUID: 81831c8e851ed44dc8d6dbf23053c088 - Path: Assets/DonetskEnvironment/donetskSatellite.jpg - Importer: PreviewImporter
Importing 'GUID: 81831c8e851ed44dc8d6dbf23053c088 - Path: Assets/DonetskEnvironment/donetskSatellite.jpg - Importer: PreviewImporter' with importer (PreviewImporter)
Imported 'GUID: 81831c8e851ed44dc8d6dbf23053c088' -> (Import Result ID: 'f110871d23124930824760b8cda3dd99') in 0.062 seconds [static and dynamic dependencies]. Details - ImportResultOutputID=7750d0060e954464b471341cec4aee70 DependenciesID=278ee449e33b430c201e1716b60205ba StaticDependenciesID=10fdf23e723f7e4395d9e332cf556a9a 
Number of updated asset objects reloaded before import = 0
Number of asset objects unloaded after import = 2
========================================================================
Received Prepare
AcceleratorClientConnectionCallback - disconnected - :0
WARNING: Shader Unsupported: 'Universal Render Pipeline/VR/SpatialMapping/Wireframe' - All subshaders removed
WARNING: Shader Did you use #pragma only_renderers and omit this platform?
WARNING: Shader If subshaders removal was intentional, you may have forgotten turning Fallback off?
Shader Hidden/ChartRasterizerHardware is not supported: GPU does not support conservative rasterization
Unloading 62 Unused Serialized files (Serialized files now loaded: 0)
Unloading 62 unused Assets / (5.1 MB). Loaded Objects now: 7474.
Memory consumption went from 184.9 MB to 179.8 MB.
Total: 5.415584 ms (FindLiveObjects: 0.248791 ms CreateObjectMapping: 0.072917 ms MarkObjects: 4.346083 ms  DeleteObjects: 0.653000 ms)

Prepare: number of updated asset objects reloaded= 0
========================================================================
Received Import Request.
  Time of request: 2026-09-05T18:59:08.210811Z
  Time since last request: 4.896163958 seconds.
  importAddress: GUID: d85a38e105f5f4e439b839df26311eef - Path: Assets/NewLayer.terrainlayer - Importer: ScriptedImporter/UnityEditor.QuickSearchModule:UnityEditor.Search:ASIAI0B
Importing 'GUID: d85a38e105f5f4e439b839df26311eef - Path: Assets/NewLayer.terrainlayer - Importer: ScriptedImporter/UnityEditor.QuickSearchModule:UnityEditor.Search:ASIAI0B' with importer (ScriptedImporter : UnityEditor.QuickSearchModule:UnityEditor.Search:ASIAI0B)
Imported 'GUID: d85a38e105f5f4e439b839df26311eef' -> (Import Result ID: '7af982ed69255119dde5812657eea29f') in 0.005 seconds [static and dynamic dependencies]. Details - ImportResultOutputID=ac15b7ecddc9ef5e1589fb471aedb296 DependenciesID=8945ad46718752c8c2bc0bbc33f2e1e9 StaticDependenciesID=88b00d7f731340cf316b682ebc83553b 
Number of updated asset objects reloaded before import = 0
Number of asset objects unloaded after import = 1
========================================================================
Received Import Request.
  Time of request: 2026-09-05T19:01:29.827366Z
  Time since last request: 141.600149708 seconds.
  importAddress: GUID: c312225b2ff154375a71a9fa3fb70621 - Path: Assets/DonetskEnvironment - Importer: PreviewImporter
Importing 'GUID: c312225b2ff154375a71a9fa3fb70621 - Path: Assets/DonetskEnvironment - Importer: PreviewImporter' with importer (PreviewImporter)
Imported 'GUID: c312225b2ff154375a71a9fa3fb70621' -> (Import Result ID: '93e741c757564161b87cc4182ffeae47') in 0.000 seconds [static and dynamic dependencies]. Details - ImportResultOutputID=2cbd706f08b437f23b067fa9417b1022 DependenciesID=ccfcd1843092e71ba5f7f6184c39e2f6 StaticDependenciesID=55194e7677131fcaec16271ab9faa426 
Number of updated asset objects reloaded before import = 0
Number of asset objects unloaded after import = 0
========================================================================
Received Import Request.
  Time of request: 2026-09-05T19:01:44.352936Z
  Time since last request: 14.518680666 seconds.
  importAddress: GUID: f3991e10246c948e1b3f60c1d73d6b8e - Path: Assets/DonetskEnvironment/donetskBuildings.obj - Importer: PreviewImporter
Importing 'GUID: f3991e10246c948e1b3f60c1d73d6b8e - Path: Assets/DonetskEnvironment/donetskBuildings.obj - Importer: PreviewImporter' with importer (PreviewImporter)
Imported 'GUID: f3991e10246c948e1b3f60c1d73d6b8e' -> (Import Result ID: 'ff913c26c5e22f3810b458618cdd816d') in 3.178 seconds [static and dynamic dependencies]. Details - ImportResultOutputID=34c416b41ec745a6d90d622b720571b7 DependenciesID=07c842aac785c622af9ed5fe888a7ab8 StaticDependenciesID=7a16fcc88a287adfb706116d6b11205e 
Number of updated asset objects reloaded before import = 0
Number of asset objects unloaded after import = 22
========================================================================
Received Prepare
AcceleratorClientConnectionCallback - disconnected - :0
WARNING: Shader Unsupported: 'Universal Render Pipeline/VR/SpatialMapping/Wireframe' - All subshaders removed
WARNING: Shader Did you use #pragma only_renderers and omit this platform?
WARNING: Shader If subshaders removal was intentional, you may have forgotten turning Fallback off?
Shader Hidden/ChartRasterizerHardware is not supported: GPU does not support conservative rasterization
Unloading 62 Unused Serialized files (Serialized files now loaded: 0)
Unloading 62 unused Assets / (5.1 MB). Loaded Objects now: 7632.
Memory consumption went from 195.1 MB to 190.0 MB.
Total: 4.943041 ms (FindLiveObjects: 0.262667 ms CreateObjectMapping: 0.050916 ms MarkObjects: 3.846875 ms  DeleteObjects: 0.698500 ms)

Prepare: number of updated asset objects reloaded= 0
========================================================================
Received Import Request.
  Time of request: 2026-09-05T19:05:10.190663Z
  Time since last request: 202.64751216600001 seconds.
  importAddress: GUID: 81831c8e851ed44dc8d6dbf23053c088 - Path: Assets/DonetskEnvironment/donetskSatellite.jpg - Importer: PreviewImporter
Importing 'GUID: 81831c8e851ed44dc8d6dbf23053c088 - Path: Assets/DonetskEnvironment/donetskSatellite.jpg - Importer: PreviewImporter' with importer (PreviewImporter)
Imported 'GUID: 81831c8e851ed44dc8d6dbf23053c088' -> (Import Result ID: 'b3bce26548c73a9f124898a0ff1f9411') in 0.011 seconds [static and dynamic dependencies]. Details - ImportResultOutputID=06e8cd73fd4a82d7851390e0677724df DependenciesID=175dcc4ba42778bbeb925fd281f6e547 StaticDependenciesID=5886d1f97ea30a54c03b604d11761e26 
Number of updated asset objects reloaded before import = 0
Number of asset objects unloaded after import = 2
========================================================================
Received Import Request.
  Time of request: 2026-09-05T19:05:11.174346Z
  Time since last request: 0.96558975 seconds.
  importAddress: GUID: 81831c8e851ed44dc8d6dbf23053c088 - Path: Assets/DonetskEnvironment/donetskSatellite.jpg - Importer: ScriptedImporter/UnityEditor.QuickSearchModule:UnityEditor.Search:ASIAI0B
Importing 'GUID: 81831c8e851ed44dc8d6dbf23053c088 - Path: Assets/DonetskEnvironment/donetskSatellite.jpg - Importer: ScriptedImporter/UnityEditor.QuickSearchModule:UnityEditor.Search:ASIAI0B' with importer (ScriptedImporter : UnityEditor.QuickSearchModule:UnityEditor.Search:ASIAI0B)
Imported 'GUID: 81831c8e851ed44dc8d6dbf23053c088' -> (Import Result ID: 'cd9287965a83b72265e9b36830e0616f') in 0.004 seconds [static and dynamic dependencies]. Details - ImportResultOutputID=71ad6f3c0395fc4916e30abd79506fd6 DependenciesID=9a095531b7c6a8f6d71a125f8813bbcd StaticDependenciesID=4e870e907496f7487b03c727ef41c6d7 
Number of updated asset objects reloaded before import = 0
Number of asset objects unloaded after import = 1
========================================================================
Received Import Request.
  Time of request: 2026-09-05T19:05:45.428098Z
  Time since last request: 34.241785458 seconds.
  importAddress: GUID: 81831c8e851ed44dc8d6dbf23053c088 - Path: Assets/DonetskEnvironment/donetskSatellite.jpg - Importer: PreviewImporter
Importing 'GUID: 81831c8e851ed44dc8d6dbf23053c088 - Path: Assets/DonetskEnvironment/donetskSatellite.jpg - Importer: PreviewImporter' with importer (PreviewImporter)
Imported 'GUID: 81831c8e851ed44dc8d6dbf23053c088' -> (Import Result ID: '54b6e9ca707da5e6118067bafa6c00b9') in 0.010 seconds [static and dynamic dependencies]. Details - ImportResultOutputID=06e8cd73fd4a82d7851390e0677724df DependenciesID=639997bf411f957b8a70e7fb7b26f102 StaticDependenciesID=1fc5c50626e81947c396963298f0a47f 
Number of updated asset objects reloaded before import = 0
Number of asset objects unloaded after import = 2
========================================================================
Received Import Request.
  Time of request: 2026-09-05T19:05:46.415548Z
  Time since last request: 0.970783833 seconds.
  importAddress: GUID: 81831c8e851ed44dc8d6dbf23053c088 - Path: Assets/DonetskEnvironment/donetskSatellite.jpg - Importer: ScriptedImporter/UnityEditor.QuickSearchModule:UnityEditor.Search:ASIAI0B
Importing 'GUID: 81831c8e851ed44dc8d6dbf23053c088 - Path: Assets/DonetskEnvironment/donetskSatellite.jpg - Importer: ScriptedImporter/UnityEditor.QuickSearchModule:UnityEditor.Search:ASIAI0B' with importer (ScriptedImporter : UnityEditor.QuickSearchModule:UnityEditor.Search:ASIAI0B)
Imported 'GUID: 81831c8e851ed44dc8d6dbf23053c088' -> (Import Result ID: 'e6ee8677b8e208ff01f1542daf5fadba') in 0.004 seconds [static and dynamic dependencies]. Details - ImportResultOutputID=f163865c9f6d6fc4af3a3851e65cc1e1 DependenciesID=e4cac7a43336d3cd7a296507a1372a6a StaticDependenciesID=77d50464a0fad808cf03d6117e5a04dc 
Number of updated asset objects reloaded before import = 0
Number of asset objects unloaded after import = 1
========================================================================
Received Import Request.
  Time of request: 2026-09-05T19:12:50.326466Z
  Time since last request: 423.888269708 seconds.
  importAddress: GUID: 99c9720ab356a0642a771bea13969a05 - Path: Assets/Scenes/SampleScene.unity - Importer: ScriptedImporter/UnityEditor.QuickSearchModule:UnityEditor.Search:ASIAI0B
Importing 'GUID: 99c9720ab356a0642a771bea13969a05 - Path: Assets/Scenes/SampleScene.unity - Importer: ScriptedImporter/UnityEditor.QuickSearchModule:UnityEditor.Search:ASIAI0B' with importer (ScriptedImporter : UnityEditor.QuickSearchModule:UnityEditor.Search:ASIAI0B)
Imported 'GUID: 99c9720ab356a0642a771bea13969a05' -> (Import Result ID: 'd0528db08122997583fe864765b8b2f2') in 0.002 seconds [static and dynamic dependencies]. Details - ImportResultOutputID=f0ac718f889736bcdd35c4c03bf304dd DependenciesID=b85e6356ca4046de896ac6296ee3a89e StaticDependenciesID=544c3e42ebb936c6e69fdd01cf7f8d64 
Number of updated asset objects reloaded before import = 0
Number of asset objects unloaded after import = 1
========================================================================
Received Import Request.
  Time of request: 2026-09-05T19:12:50.334948Z
  Time since last request: 0.000186459 seconds.
  importAddress: GUID: 614fb0ff6be344668a722b3a0a3f4e56 - Path: Assets/New Terrain.asset - Importer: ScriptedImporter/UnityEditor.QuickSearchModule:UnityEditor.Search:ASIAI0B
Importing 'GUID: 614fb0ff6be344668a722b3a0a3f4e56 - Path: Assets/New Terrain.asset - Importer: ScriptedImporter/UnityEditor.QuickSearchModule:UnityEditor.Search:ASIAI0B' with importer (ScriptedImporter : UnityEditor.QuickSearchModule:UnityEditor.Search:ASIAI0B)
Imported 'GUID: 614fb0ff6be344668a722b3a0a3f4e56' -> (Import Result ID: '2758a54b1502794586a28371cd8d90a8') in 0.003 seconds [static and dynamic dependencies]. Details - ImportResultOutputID=69aff797cd29ff57dcd514f862d5c20f DependenciesID=e2b27e77ac03aa5c40a344e851673530 StaticDependenciesID=61e0ccdfcac96976bb55779f5e9668a5 
Number of updated asset objects reloaded before import = 0
Number of asset objects unloaded after import = 2
