Unity Editor version:    6000.6.0f1 (f7f8ed4d1e24)
Branch:                  6000.6/respin/6000.6.0f1-fa21a270ab12
Build type:              Release
Batch mode:              YES
macOS version:           Version 26.0 (Build 25A354)
Darwin version:          25.0.0
Architecture:            arm64
Running under Rosetta:   NO
Available memory:        49152 MB
Date:                    2026-09-05T18:12:10Z
[Licensing::Module] Trying to connect to existing licensing client channel...
[Licensing::IpcConnector] Successfully connected to: "LicenseClient-andrewfalcon" at "2026-09-05T18:12:10.106821Z"
Initialising UDS system complete:
  - System type: Client
  - Resource namespace: 7149bca65bd04e376f6edb737fb02f50
  - Shared memory size: 1073741824
  - Command buffer id: 1052672
  - Command buffer size: 8192
  - Hashmap size: 4194304
  - Service connected: true
  - Service working directory: Library/DataStore/

COMMAND LINE ARGUMENTS:
/Applications/Unity/Hub/Editor/6000.6.0f1/Unity.app/Contents/MacOS/Unity
-adb2
-batchMode
-noUpm
-name
AssetImportWorkerHW3
-projectPath
/Users/andrewfalcon/Desktop/dnHacks/dnHacksEnv
-logFile
Logs/AssetImportWorkerHW3.log
-srvPort
63540
-parentPid
76901
-analyticsCloudUserId
2476040624518
-analyticsLocalProjectId
0848b26226d8d4fa3a949071fe926d8c
-editorAnalyticsEnabled
1
-cbmEditorLicense
649d3b8a73547e54ef235050db337392b2547bfa
-cbmMachineId
KZk5vGQL4ROR8az3C+7fIMKs9MY=
-noDiagnosticSwitchPersistentStore
-job-worker-count
6
-background-job-worker-count
8
-asset-garbage-collectors
1
-force-metal
-name AssetImport
Successfully changed project path to: /Users/andrewfalcon/Desktop/dnHacks/dnHacksEnv
/Users/andrewfalcon/Desktop/dnHacks/dnHacksEnv
[UnityMemory] Configuration Parameters - Can be set up in boot.config
    "memorysetup-temp-allocator-size-gi-baking-worker=262144"
    "memorysetup-temp-allocator-size-gi-baking-worker=262144"
    "memorysetup-temp-allocator-size-gi-baking-worker=262144"
    "memorysetup-temp-allocator-size-gi-baking-worker=262144"
    "memorysetup-temp-allocator-size-gi-baking-worker=262144"
    "memorysetup-temp-allocator-size-nav-mesh-worker=65536"
    "memorysetup-temp-allocator-size-audio-worker=65536"
    "memorysetup-temp-allocator-size-cloud-worker=32768"
    "memorysetup-temp-allocator-size-preload-manager=33554432"
    "memorysetup-remapper-allocator-initial-capacity=32768"
    "memorysetup-temp-allocator-size-gfx=262144"
    "memorysetup-allocator-temp-initial-block-size-main=262144"
    "memorysetup-allocator-temp-initial-block-size-worker=262144"
    "memorysetup-temp-allocator-size-background-worker=32768"
    "memorysetup-temp-allocator-size-job-worker=262144"
    "memorysetup-bucket-allocator-granularity=16"
    "memorysetup-bucket-allocator-bucket-count=8"
    "memorysetup-bucket-allocator-block-size=33554432"
    "memorysetup-bucket-allocator-block-count=8"
    "memorysetup-main-allocator-block-size=16777216"
    "memorysetup-thread-allocator-block-size=16777216"
    "memorysetup-main-allocator-mimalloc-enabled=1"
    "memorysetup-gfx-main-allocator-block-size=16777216"
    "memorysetup-gfx-thread-allocator-block-size=16777216"
    "memorysetup-cache-allocator-block-size=4194304"
    "memorysetup-typetree-allocator-block-size=2097152"
    "memorysetup-profiler-bucket-allocator-granularity=16"
    "memorysetup-profiler-bucket-allocator-bucket-count=8"
    "memorysetup-profiler-bucket-allocator-block-size=33554432"
    "memorysetup-profiler-bucket-allocator-block-count=8"
    "memorysetup-profiler-allocator-block-size=16777216"
    "memorysetup-profiler-editor-allocator-block-size=1048576"
    "memorysetup-temp-allocator-size-main=16777216"
    "memorysetup-job-temp-allocator-block-size=2097152"
    "memorysetup-job-temp-allocator-block-size-background=1048576"
    "memorysetup-job-temp-allocator-reduction-small-platforms=262144"
Player connection [8388331520]  Target information:

Player connection [8388331520]  * "[IP] 192.168.9.198 [Port] 0 [Flags] 2 [Guid] 2667834954 [EditorId] 2667834954 [Version] 1048832 [Id] OSXEditor(0,Andrews-MacBook-Pro-8.local) [Debug] 1 [PackageName] OSXEditor [ProjectName] Editor" 

Player connection [8388331520] Host joined multi-casting on [225.0.0.222:54997]...
Player connection [8388331520] Host joined alternative multi-casting on [225.0.0.222:34997]...
JobSystem: Creating JobQueue using job-worker-count value 6
Input System module state changed to: Initialized.
[Physics::Module] Initialized fallback backend.
[Physics::Module] Id: 0xdecafbad
Library Redirect Path: Library/
[Physics::Module] Selected backend.
[Physics::Module] Name: PhysX
[Physics::Module] Id: 0xf2b8ea05
[Physics::Module] SDK Version: 4.1.2
[Physics::Module] Integration Version: 1.0.0
[Physics::Module] Threading Mode: Multi-Threaded
Refreshing native plugins compatible for Editor in 2.96 ms, found 2 plugins.
Initialize engine version: 6000.6.0f1 (f7f8ed4d1e24)
[EntityIdStore] init: VM path (explicit commit), pageSize=16384, blockCount=262144, entitiesPerBlock=1024, slots reserved=4294967296 bytes
[Subsystems] Discovering subsystems at path /Applications/Unity/Hub/Editor/6000.6.0f1/Unity.app/Contents/Resources/UnitySubsystems
[Subsystems] Discovering subsystems at path /Users/andrewfalcon/Desktop/dnHacks/dnHacksEnv/Assets
Forcing GfxDevice: Metal
GfxDevice: creating device client; kGfxThreadingModeNonThreaded
 preferred device: Apple M4 Pro (high power)
Metal devices available: 1
0: Apple M4 Pro (high power)
Using device Apple M4 Pro (high power)
Initializing Metal device caps: Apple M4 Pro
Mac GPU Family: 2
Apple GPU Family: 9
MSL Version: 3.0
Has Float MSAA: 1
Has Float Filtering: 1
ReadWrite Texture Tier: 2
[Licensing::Client] Handshaking with LicensingClient:
  Version:                 1.18.3+d7ffd15
  Session Id:              297fad96bf174e0e8113993d145f4184
  Correlation Id:          75868afe2b1e45bde79f13a17249b009
  External correlation Id: 8713512212089636414
  Machine Id:              KZk5vGQL4ROR8az3C+7fIMKs9MY=
[Licensing::Module] Successfully connected to LicensingClient on channel: "LicenseClient-andrewfalcon" (connect: 0.00s, validation: 0.00s, handshake: 0.23s)
[Licensing::IpcConnector] Successfully connected to: "LicenseClient-andrewfalcon-notifications" at "2026-09-05T18:12:10.34085Z"
[Licensing::Module] Licensing Background thread has ended after 0.23s
Initialize mono
Mono path[0] = '/Applications/Unity/Hub/Editor/6000.6.0f1/Unity.app/Contents/Resources/Scripting/Managed'
Mono path[1] = '/Applications/Unity/Hub/Editor/6000.6.0f1/Unity.app/Contents/Resources/Scripting/BCLExtensions/runtime/netstandard2.1'
Mono path[2] = '/Applications/Unity/Hub/Editor/6000.6.0f1/Unity.app/Contents/Resources/Scripting/MonoBleedingEdge/lib/mono/unityjit-macos'
Mono config path = '/Applications/Unity/Hub/Editor/6000.6.0f1/Unity.app/Contents/Resources/Scripting/MonoBleedingEdge/etc'
Using monoOptions --debugger-agent=transport=dt_socket,embedding=1,server=y,suspend=n,address=127.0.0.1:56377
CodeReloadManager initialized
Begin MonoManager ReloadAssembly
Registering precompiled unity dll's ...
Register platform support module: /Applications/Unity/Hub/Editor/6000.6.0f1/PlaybackEngines/WebGLSupport/UnityEditor.WebGL.Extensions.dll
Register platform support module: /Applications/Unity/Hub/Editor/6000.6.0f1/PlaybackEngines/MacStandaloneSupport/UnityEditor.OSXStandalone.Extensions.dll
Registered in 0.001207 seconds.
Native extension for OSXStandalone target not found
Native extension for WebGL target not found
Package Manager log level set to [2]
[Package Manager] Failed to launch server process. Reason: Unity was launched with the -noUpm command-line argument
[Package Manager] Unable to send message (not connected to server process).
[Package Manager] Cannot connect to Unity Package Manager local server
ScheduleIndexationOnStartup MainProcess:False IndexOnStartup:True
Scripting: successfully reloaded assembly
- Finished resetting the current domain, in  0.359 seconds
Domain Reload Profiling: 635ms
	BeginReloadAssembly (57ms)
	RebuildCommonClasses (3ms)
	RebuildNativeTypeToScriptingClass (10ms)
	initialDomainReloadingComplete (28ms)
	LoadAllAssembliesAndSetupDomain (177ms)
		LoadAssemblies (58ms)
		TypeCache.Refresh (127ms)
			TypeCache.ScanAssembly (119ms)
		AnalyzeDomain (0ms)
	FinalizeReload (360ms)
		SetupLoadedEditorAssemblies (0ms)
			BeforeProcessingInitializeOnLoad (54ms)
			ProcessInitializeOnLoadAttributes (46ms)
			ProcessInitializeOnLoadMethodAttributes (202ms)
Initializing Unity extensions:
[Licensing::Client] Successfully resolved entitlement details
[Licensing::Module] License group:
  Id: 2476040624518-UnityPersXXXX
  Product: Unity Personal
  Type: Assigned
  Expiration: Unlimited
[CoreBusinessMetrics] Unexpected thread when updating session info.
[CoreBusinessMetrics] Unexpected thread when updating session info.
========================================================================
Worker process is ready to serve import requests
Import Worker Mode flag is 0x00
Begin MonoManager ReloadAssembly
'Packages/com.unity.render-pipelines.core/Editor/Deprecated.cs' contains partial class of Unity.Object, exactly 1 of the partial classes needs to be in a file with the same filename. This is to know the one that can be referenced from ie. GameObjects
'Packages/com.unity.render-pipelines.core/Editor/Deprecated.cs' contains partial class of Unity.Object, exactly 1 of the partial classes needs to be in a file with the same filename. This is to know the one that can be referenced from ie. GameObjects
Native extension for OSXStandalone target not found
Native extension for WebGL target not found
[Package Manager] Failed to launch server process. Reason: Unity was launched with the -noUpm command-line argument
[Package Manager] Unable to send message (not connected to server process).
[Package Manager] Cannot connect to Unity Package Manager local server
[Package Manager] Failed to launch server process. Reason: Unity was launched with the -noUpm command-line argument
[Package Manager] Unable to send message (not connected to server process).
[Package Manager] Cannot connect to Unity Package Manager local server
ScheduleIndexationOnStartup MainProcess:False IndexOnStartup:True
Scripting: successfully reloaded assembly
- Finished resetting the current domain, in  0.342 seconds
Domain Reload Profiling: 743ms
	BeginReloadAssembly (83ms)
		DisableScriptedObjects (4ms)
		CreateAndSetChildDomain (12ms)
	RebuildCommonClasses (5ms)
	RebuildNativeTypeToScriptingClass (10ms)
	initialDomainReloadingComplete (21ms)
	LoadAllAssembliesAndSetupDomain (282ms)
		LoadAssemblies (129ms)
		TypeCache.Refresh (88ms)
			TypeCache.ScanAssembly (79ms)
		AnalyzeDomain (28ms)
			BuildScriptInfoCaches (25ms)
	FinalizeReload (342ms)
		SetupLoadedEditorAssemblies (0ms)
			BeforeProcessingInitializeOnLoad (45ms)
			ProcessInitializeOnLoadAttributes (120ms)
			ProcessInitializeOnLoadMethodAttributes (25ms)
		AwakeInstancesAfterBackupRestoration (3ms)
AcceleratorClientConnectionCallback - disconnected - :0
WARNING: Shader Unsupported: 'Universal Render Pipeline/VR/SpatialMapping/Wireframe' - All subshaders removed
WARNING: Shader Did you use #pragma only_renderers and omit this platform?
WARNING: Shader If subshaders removal was intentional, you may have forgotten turning Fallback off?
Shader Hidden/ChartRasterizerHardware is not supported: GPU does not support conservative rasterization
Shader Hidden/ChartRasterizerHardware is not supported: GPU does not support conservative rasterization
Launching external process: /Applications/Unity/Hub/Editor/6000.6.0f1/Unity.app/Contents/Helpers/UnityShaderCompiler
Launched and connected shader compiler UnityShaderCompiler after 0.01 seconds
Unloading 63 Unused Serialized files (Serialized files now loaded: 0)
Unloading 6611 unused Assets / (8.8 MB). Loaded Objects now: 7466.
Memory consumption went from 191.9 MB to 183.1 MB.
Total: 5.242750 ms (FindLiveObjects: 0.380708 ms CreateObjectMapping: 0.092459 ms MarkObjects: 3.442583 ms  DeleteObjects: 1.244250 ms)

========================================================================
Received Import Request.
  Time of request: 2026-09-05T18:17:03.353103Z
  Time since last request: 1045548.70160575001501 seconds.
  importAddress: GUID: 614fb0ff6be344668a722b3a0a3f4e56 - Path: Assets/New Terrain.asset - Importer: ScriptedImporter/UnityEditor.QuickSearchModule:UnityEditor.Search:ASIAI0B
Importing 'GUID: 614fb0ff6be344668a722b3a0a3f4e56 - Path: Assets/New Terrain.asset - Importer: ScriptedImporter/UnityEditor.QuickSearchModule:UnityEditor.Search:ASIAI0B' with importer (ScriptedImporter : UnityEditor.QuickSearchModule:UnityEditor.Search:ASIAI0B)
Imported 'GUID: 614fb0ff6be344668a722b3a0a3f4e56' -> (Import Result ID: '5a2d362097d4248fa0dca51f83d702b6') in 0.043 seconds [static and dynamic dependencies]. Details - ImportResultOutputID=03ec5d4fe032bd5bab46a522067b688b DependenciesID=a5984be76a128a36fd7db2ef4fdf8bc8 StaticDependenciesID=8d394c02d49e06c7d336b871b49791b4 
Number of updated asset objects reloaded before import = 0
Number of asset objects unloaded after import = 1
========================================================================
Received Import Request.
  Time of request: 2026-09-05T18:17:19.839965Z
  Time since last request: 16.434093708 seconds.
  importAddress: GUID: 614fb0ff6be344668a722b3a0a3f4e56 - Path: Assets/New Terrain.asset - Importer: PreviewImporter
Importing 'GUID: 614fb0ff6be344668a722b3a0a3f4e56 - Path: Assets/New Terrain.asset - Importer: PreviewImporter' with importer (PreviewImporter)
Imported 'GUID: 614fb0ff6be344668a722b3a0a3f4e56' -> (Import Result ID: 'a4918293d7faa32eb695d3e9e47709d6') in 0.009 seconds [static and dynamic dependencies]. Details - ImportResultOutputID=9356743942e6a3767c8b905637a3bb1d DependenciesID=40ed4e29eb69f2c1cea257536ef2e6cc StaticDependenciesID=e81977d9c9dccd900b1cab41c1613086 
Number of updated asset objects reloaded before import = 0
Number of asset objects unloaded after import = 1
========================================================================
Received Prepare
AcceleratorClientConnectionCallback - disconnected - :0
WARNING: Shader Unsupported: 'Universal Render Pipeline/VR/SpatialMapping/Wireframe' - All subshaders removed
WARNING: Shader Did you use #pragma only_renderers and omit this platform?
WARNING: Shader If subshaders removal was intentional, you may have forgotten turning Fallback off?
Shader Hidden/ChartRasterizerHardware is not supported: GPU does not support conservative rasterization
Unloading 62 Unused Serialized files (Serialized files now loaded: 0)
Unloading 62 unused Assets / (5.1 MB). Loaded Objects now: 7469.
Memory consumption went from 186.9 MB to 181.7 MB.
Total: 4.855916 ms (FindLiveObjects: 0.262375 ms CreateObjectMapping: 0.052500 ms MarkObjects: 3.730000 ms  DeleteObjects: 0.699250 ms)

Prepare: number of updated asset objects reloaded= 0
========================================================================
Received Import Request.
  Time of request: 2026-09-05T18:19:34.146423Z
  Time since last request: 134.490080667 seconds.
  importAddress: GUID: 646e05aeaa283441a80ff3382a325af4 - Path: Assets/donetskTopography.tif - Importer: ScriptedImporter/UnityEditor.QuickSearchModule:UnityEditor.Search:ASIAI0B
Importing 'GUID: 646e05aeaa283441a80ff3382a325af4 - Path: Assets/donetskTopography.tif - Importer: ScriptedImporter/UnityEditor.QuickSearchModule:UnityEditor.Search:ASIAI0B' with importer (ScriptedImporter : UnityEditor.QuickSearchModule:UnityEditor.Search:ASIAI0B)
Imported 'GUID: 646e05aeaa283441a80ff3382a325af4' -> (Import Result ID: '6d5a74063eeaec116e585194c5177f13') in 0.023 seconds [static and dynamic dependencies]. Details - ImportResultOutputID=623afffbe58fb0124cc38b62812cc614 DependenciesID=06a6571239f9cb4dc6e65b62beb6b4f1 StaticDependenciesID=75f4aa10b73d8b89f28ab32d6d74009a 
Number of updated asset objects reloaded before import = 0
Number of asset objects unloaded after import = 1
========================================================================
Received Import Request.
  Time of request: 2026-09-05T18:28:11.333266Z
  Time since last request: 517.18757662500002 seconds.
  importAddress: GUID: e0916612552724004919b5c9849d1c53 - Path: Assets/donetskTopography.raw - Importer: ScriptedImporter/UnityEditor.QuickSearchModule:UnityEditor.Search:ASIAI0B
Importing 'GUID: e0916612552724004919b5c9849d1c53 - Path: Assets/donetskTopography.raw - Importer: ScriptedImporter/UnityEditor.QuickSearchModule:UnityEditor.Search:ASIAI0B' with importer (ScriptedImporter : UnityEditor.QuickSearchModule:UnityEditor.Search:ASIAI0B)
Imported 'GUID: e0916612552724004919b5c9849d1c53' -> (Import Result ID: 'a51269d134e524516a7630cfec1696b8') in 0.001 seconds [static and dynamic dependencies]. Details - ImportResultOutputID=0e1603611d86645e16ed7eccc0303ca0 DependenciesID=b84bae4ab325063186c44da42c95ae3b StaticDependenciesID=c77d43e2dba1f060fe6bd1f9eab4efb0 
Number of updated asset objects reloaded before import = 0
Number of asset objects unloaded after import = 1
========================================================================
Received Import Request.
  Time of request: 2026-09-05T18:28:12.187531Z
  Time since last request: 0.846860917 seconds.
  importAddress: GUID: e0916612552724004919b5c9849d1c53 - Path: Assets/donetskTopography.raw - Importer: PreviewImporter
Importing 'GUID: e0916612552724004919b5c9849d1c53 - Path: Assets/donetskTopography.raw - Importer: PreviewImporter' with importer (PreviewImporter)
Imported 'GUID: e0916612552724004919b5c9849d1c53' -> (Import Result ID: 'b585ac92b69d7bb0feb87fb3a754dbee') in 0.001 seconds [static and dynamic dependencies]. Details - ImportResultOutputID=ee098bcb8e71ac990d3e4bbd3b72f19f DependenciesID=7d50104ee87d0bd98316467c76bcb0de StaticDependenciesID=ac6945e1ded8cbd2f98040505727f16a 
Number of updated asset objects reloaded before import = 0
Number of asset objects unloaded after import = 1
========================================================================
Received Prepare
AcceleratorClientConnectionCallback - disconnected - :0
WARNING: Shader Unsupported: 'Universal Render Pipeline/VR/SpatialMapping/Wireframe' - All subshaders removed
WARNING: Shader Did you use #pragma only_renderers and omit this platform?
WARNING: Shader If subshaders removal was intentional, you may have forgotten turning Fallback off?
Shader Hidden/ChartRasterizerHardware is not supported: GPU does not support conservative rasterization
Unloading 62 Unused Serialized files (Serialized files now loaded: 0)
Unloading 62 unused Assets / (5.1 MB). Loaded Objects now: 7469.
Memory consumption went from 186.6 MB to 181.5 MB.
Total: 5.285209 ms (FindLiveObjects: 0.298375 ms CreateObjectMapping: 0.083625 ms MarkObjects: 4.009125 ms  DeleteObjects: 0.795500 ms)

Prepare: number of updated asset objects reloaded= 0
========================================================================
Received Import Request.
  Time of request: 2026-09-05T18:37:04.628212Z
  Time since last request: 532.216477833 seconds.
  importAddress: GUID: 99c9720ab356a0642a771bea13969a05 - Path: Assets/Scenes/SampleScene.unity - Importer: ScriptedImporter/UnityEditor.QuickSearchModule:UnityEditor.Search:ASIAI0B
Importing 'GUID: 99c9720ab356a0642a771bea13969a05 - Path: Assets/Scenes/SampleScene.unity - Importer: ScriptedImporter/UnityEditor.QuickSearchModule:UnityEditor.Search:ASIAI0B' with importer (ScriptedImporter : UnityEditor.QuickSearchModule:UnityEditor.Search:ASIAI0B)
Imported 'GUID: 99c9720ab356a0642a771bea13969a05' -> (Import Result ID: '5f36cce9ef2fb3245d4584dbc1006e06') in 0.002 seconds [static and dynamic dependencies]. Details - ImportResultOutputID=0e8e9b98939a970de4eaea4f7b6f5370 DependenciesID=2c0d6af94ddd3fab9e503e610d51c32f StaticDependenciesID=b811269afb69d19484ac4bd4ed454449 
Number of updated asset objects reloaded before import = 0
Number of asset objects unloaded after import = 1
Editor requested this worker to shutdown with reason: Editor is closing down
Thread 0x405247000 may have been prematurely finalized
AcceleratorClientConnectionCallback - disconnected - :0
AssetImportWorker is now disconnected from the server
Process exiting
[ExitDontLaunchBugReporter] Exiting without the bug reporter. Application will exit with return code 0
