Unity Editor version:    6000.6.0f1 (f7f8ed4d1e24)
Branch:                  6000.6/respin/6000.6.0f1-fa21a270ab12
Build type:              Release
Batch mode:              NO
macOS version:           Version 26.0 (Build 25A354)
Darwin version:          25.0.0
Architecture:            arm64
Running under Rosetta:   NO
Available memory:        49152 MB
Date:                    2026-09-05T18:37:09Z
VBCSCompilerPreWarmer: pre-warm launched (dotnet PID 80762)
VBCSCompiler prewarm took 7.12 ms
[Licensing::Module] Trying to connect to existing licensing client channel...
[Licensing::IpcConnector] Successfully connected to: "LicenseClient-andrewfalcon" at "2026-09-05T18:37:09.102886Z"

COMMAND LINE ARGUMENTS:
/Applications/Unity/Hub/Editor/6000.6.0f1/Unity.app/Contents/MacOS/Unity
-projectpath
/Users/andrewfalcon/Desktop/dnHacks/dnHacksEnv
-acceptSoftwareTermsForThisRunOnly
-useHub
-hubIPC
-cloudEnvironment
production
-licensingIpc
LicenseClient-andrewfalcon
-hubSessionId
99ab8b19-a909-413d-95c8-d82d4a2f55f7
-accessToken
mqiYvvUQo5pRoo8jvicmkOG0uiruKHHCR5FdlkH67ho002f
Successfully changed project path to: /Users/andrewfalcon/Desktop/dnHacks/dnHacksEnv
/Users/andrewfalcon/Desktop/dnHacks/dnHacksEnv
[UnityMemory] Configuration Parameters - Can be set up in boot.config
    "memorysetup-temp-allocator-size-gi-baking-worker=262144"
    "memorysetup-temp-allocator-size-gi-baking-worker=262144"
    "memorysetup-temp-allocator-size-gi-baking-worker=262144"
    "memorysetup-temp-allocator-size-gi-baking-worker=262144"
    "memorysetup-temp-allocator-size-gi-baking-worker=262144"
    "memorysetup-temp-allocator-size-nav-mesh-worker=65536"
    "memorysetup-temp-allocator-size-audio-worker=65536"
    "memorysetup-temp-allocator-size-cloud-worker=32768"
    "memorysetup-temp-allocator-size-preload-manager=33554432"
    "memorysetup-remapper-allocator-initial-capacity=32768"
    "memorysetup-temp-allocator-size-gfx=262144"
    "memorysetup-allocator-temp-initial-block-size-main=262144"
    "memorysetup-allocator-temp-initial-block-size-worker=262144"
    "memorysetup-temp-allocator-size-background-worker=32768"
    "memorysetup-temp-allocator-size-job-worker=262144"
    "memorysetup-bucket-allocator-granularity=16"
    "memorysetup-bucket-allocator-bucket-count=8"
    "memorysetup-bucket-allocator-block-size=33554432"
    "memorysetup-bucket-allocator-block-count=8"
    "memorysetup-main-allocator-block-size=16777216"
    "memorysetup-thread-allocator-block-size=16777216"
    "memorysetup-main-allocator-mimalloc-enabled=1"
    "memorysetup-gfx-main-allocator-block-size=16777216"
    "memorysetup-gfx-thread-allocator-block-size=16777216"
    "memorysetup-cache-allocator-block-size=4194304"
    "memorysetup-typetree-allocator-block-size=2097152"
    "memorysetup-profiler-bucket-allocator-granularity=16"
    "memorysetup-profiler-bucket-allocator-bucket-count=8"
    "memorysetup-profiler-bucket-allocator-block-size=33554432"
    "memorysetup-profiler-bucket-allocator-block-count=8"
    "memorysetup-profiler-allocator-block-size=16777216"
    "memorysetup-profiler-editor-allocator-block-size=1048576"
    "memorysetup-temp-allocator-size-main=16777216"
    "memorysetup-job-temp-allocator-block-size=2097152"
    "memorysetup-job-temp-allocator-block-size-background=1048576"
    "memorysetup-job-temp-allocator-reduction-small-platforms=262144"
Player connection [8388331520]  Target information:

Player connection [8388331520]  * "[IP] 192.168.9.198 [Port] 55504 [Flags] 2 [Guid] 1199090977 [EditorId] 1199090977 [Version] 1048832 [Id] OSXEditor(0,Andrews-MacBook-Pro-8.local) [Debug] 1 [PackageName] OSXEditor [ProjectName] Editor" 

Player connection [8388331520] Host joined multi-casting on [225.0.0.222:54997]...
Player connection [8388331520] Host joined alternative multi-casting on [225.0.0.222:34997]...
Input System module state changed to: Initialized.
[Physics::Module] Initialized fallback backend.
[Physics::Module] Id: 0xdecafbad
[Licensing::Client] Handshaking with LicensingClient:
  Version:                 1.18.3+d7ffd15
  Session Id:              3efbfac44dc7470cae81fc4817678d94
  Correlation Id:          75868afe2b1e45bde79f13a17249b009
  External correlation Id: 2700818747903698178
  Machine Id:              KZk5vGQL4ROR8az3C+7fIMKs9MY=
[Licensing::Module] Successfully connected to LicensingClient on channel: "LicenseClient-andrewfalcon" (connect: 0.00s, validation: 0.00s, handshake: 0.24s)
[Licensing::IpcConnector] Successfully connected to: "LicenseClient-andrewfalcon-notifications" at "2026-09-05T18:37:09.339782Z"
[Licensing::Client] Successfully updated the access token
[Licensing::Module] Successfully updated the access token mqiYvvUQo5...
[Package Manager] Connected to IPC stream "Upm-80761" after 0.0 seconds.
[Licensing::Module] Licensing is not yet initialized.
[Licensing::Client] Successfully resolved entitlement details
[Licensing::Module] License group:
  Id: 2476040624518-UnityPersXXXX
  Product: Unity Personal
  Type: Assigned
  Expiration: Unlimited
[Licensing::Client] Successfully updated license, isAsync: True, time: 0.00
[Licensing::Client] Successfully resolved entitlement details
[Licensing::Module] Licensing Background thread has ended after 0.24s
[Licensing::Module] Licensing is initialized (took 0.00s).
[Licensing::Client] Successfully resolved entitlement details
Library Redirect Path: Library/
Initialising UDS system complete:
  - System type: Client
  - Resource namespace: 7149bca65bd04e376f6edb737fb02f50
  - Shared memory size: 1073741824
  - Command buffer id: 1052672
  - Command buffer size: 8192
  - Hashmap size: 4194304
  - Service connected: false
Launching Unity Data Store - /Applications/Unity/Hub/Editor/6000.6.0f1/Unity.app/Contents/Helpers/Unity.DataStore 
Unity Data Store artifact dir = Library/DataStore, working dir = /Users/andrewfalcon/Desktop/dnHacks/dnHacksEnv[Physics::Module] Selected backend.
[Physics::Module] Name: PhysX
[Physics::Module] Id: 0xf2b8ea05
[Physics::Module] SDK Version: 4.1.2
[Physics::Module] Integration Version: 1.0.0
[Physics::Module] Threading Mode: Multi-Threaded
Unity Data Store running and initialised
Initialize engine version: 6000.6.0f1 (f7f8ed4d1e24)
[EntityIdStore] init: VM path (explicit commit), pageSize=16384, blockCount=262144, entitiesPerBlock=1024, slots reserved=4294967296 bytes
[Subsystems] Discovering subsystems at path /Applications/Unity/Hub/Editor/6000.6.0f1/Unity.app/Contents/Resources/UnitySubsystems
[Subsystems] Discovering subsystems at path /Users/andrewfalcon/Desktop/dnHacks/dnHacksEnv/Assets
GfxDevice: creating device client; kGfxThreadingModeThreaded
 preferred device: Apple M4 Pro (high power)
Metal devices available: 1
0: Apple M4 Pro (high power)
Using device Apple M4 Pro (high power)
Initializing Metal device caps: Apple M4 Pro
Mac GPU Family: 2
Apple GPU Family: 9
MSL Version: 3.0
Has Float MSAA: 1
Has Float Filtering: 1
ReadWrite Texture Tier: 2
Initialize mono
Mono path[0] = '/Applications/Unity/Hub/Editor/6000.6.0f1/Unity.app/Contents/Resources/Scripting/Managed'
Mono path[1] = '/Applications/Unity/Hub/Editor/6000.6.0f1/Unity.app/Contents/Resources/Scripting/BCLExtensions/runtime/netstandard2.1'
Mono path[2] = '/Applications/Unity/Hub/Editor/6000.6.0f1/Unity.app/Contents/Resources/Scripting/MonoBleedingEdge/lib/mono/unityjit-macos'
Mono config path = '/Applications/Unity/Hub/Editor/6000.6.0f1/Unity.app/Contents/Resources/Scripting/MonoBleedingEdge/etc'
Using monoOptions --debugger-agent=transport=dt_socket,embedding=1,server=y,suspend=n,address=127.0.0.1:56761
CodeReloadManager initialized
ImportWorker Server TCP listen port: 0
AcceleratorClientConnectionCallback - disconnected - :0
Begin MonoManager ReloadAssembly
Registering precompiled unity dll's ...
Register platform support module: /Applications/Unity/Hub/Editor/6000.6.0f1/PlaybackEngines/WebGLSupport/UnityEditor.WebGL.Extensions.dll
Register platform support module: /Applications/Unity/Hub/Editor/6000.6.0f1/PlaybackEngines/MacStandaloneSupport/UnityEditor.OSXStandalone.Extensions.dll
Registered in 0.001468 seconds.
Native extension for OSXStandalone target not found
Native extension for WebGL target not found
Package Manager log level set to [2]
ScheduleIndexationOnStartup MainProcess:False IndexOnStartup:True
Scripting: successfully reloaded assembly
- Finished resetting the current domain, in  0.474 seconds
Domain Reload Profiling: 747ms
	BeginReloadAssembly (70ms)
		CreateAndSetChildDomain (9ms)
	RebuildCommonClasses (3ms)
	RebuildNativeTypeToScriptingClass (9ms)
	initialDomainReloadingComplete (29ms)
	LoadAllAssembliesAndSetupDomain (162ms)
		LoadAssemblies (61ms)
		TypeCache.Refresh (118ms)
			TypeCache.ScanAssembly (109ms)
		AnalyzeDomain (0ms)
	FinalizeReload (474ms)
		SetupLoadedEditorAssemblies (0ms)
			BeforeProcessingInitializeOnLoad (48ms)
			ProcessInitializeOnLoadAttributes (59ms)
			ProcessInitializeOnLoadMethodAttributes (264ms)
[Licensing::Client] Successfully resolved entitlement details
Application.AssetDatabase Initial Refresh Start
[Package Manager] Restoring resolved packages state from cache
[Licensing::Client] Successfully resolved entitlement details
[Package Manager] Registered 59 packages:
  Packages from [https://packages.unity.com]:
    com.unity.ai.navigation@2.0.14 (location: /Users/andrewfalcon/Desktop/dnHacks/dnHacksEnv/Library/PackageCache/com.unity.ai.navigation@134dd6a3b97b)
    com.unity.collab-proxy@2.13.6 (location: /Users/andrewfalcon/Desktop/dnHacks/dnHacksEnv/Library/PackageCache/com.unity.collab-proxy@4628d2ba6ea4)
    com.unity.ide.rider@3.0.38 (location: /Users/andrewfalcon/Desktop/dnHacks/dnHacksEnv/Library/PackageCache/com.unity.ide.rider@1f60b3138684)
    com.unity.ide.visualstudio@2.0.26 (location: /Users/andrewfalcon/Desktop/dnHacks/dnHacksEnv/Library/PackageCache/com.unity.ide.visualstudio@a99d56dec63f)
    com.unity.inputsystem@1.20.0 (location: /Users/andrewfalcon/Desktop/dnHacks/dnHacksEnv/Library/PackageCache/com.unity.inputsystem@7a4e1a2a8194)
    com.unity.visualscripting@1.9.12 (location: /Users/andrewfalcon/Desktop/dnHacks/dnHacksEnv/Library/PackageCache/com.unity.visualscripting@4edfcc09512f)
    com.unity.searcher@4.9.5 (location: /Users/andrewfalcon/Desktop/dnHacks/dnHacksEnv/Library/PackageCache/com.unity.searcher@a463122f2c00)
    com.unity.profiling.core@1.0.3 (location: /Users/andrewfalcon/Desktop/dnHacks/dnHacksEnv/Library/PackageCache/com.unity.profiling.core@8a49f7027d06)
    com.unity.nuget.mono-cecil@1.11.6 (location: /Users/andrewfalcon/Desktop/dnHacks/dnHacksEnv/Library/PackageCache/com.unity.nuget.mono-cecil@ecb9724e46ff)
  Built-in packages:
    com.unity.render-pipelines.universal@17.6.0 (location: /Users/andrewfalcon/Desktop/dnHacks/dnHacksEnv/Library/PackageCache/com.unity.render-pipelines.universal@8457e85b8184)
    com.unity.test-framework@1.8.0 (location: /Users/andrewfalcon/Desktop/dnHacks/dnHacksEnv/Library/PackageCache/com.unity.test-framework@7a3849e09bd0)
    com.unity.timeline@6.6.0 (location: /Users/andrewfalcon/Desktop/dnHacks/dnHacksEnv/Library/PackageCache/com.unity.timeline@281d5f7e7d7d)
    com.unity.ugui@2.6.0 (location: /Users/andrewfalcon/Desktop/dnHacks/dnHacksEnv/Library/PackageCache/com.unity.ugui@23caec89ae27)
    com.unity.modules.accessibility@1.0.0 (location: /Users/andrewfalcon/Desktop/dnHacks/dnHacksEnv/Library/PackageCache/com.unity.modules.accessibility)
    com.unity.modules.adaptiveperformance@1.0.0 (location: /Users/andrewfalcon/Desktop/dnHacks/dnHacksEnv/Library/PackageCache/com.unity.modules.adaptiveperformance)
    com.unity.modules.ai@1.0.0 (location: /Users/andrewfalcon/Desktop/dnHacks/dnHacksEnv/Library/PackageCache/com.unity.modules.ai)
    com.unity.modules.androidjni@1.0.0 (location: /Users/andrewfalcon/Desktop/dnHacks/dnHacksEnv/Library/PackageCache/com.unity.modules.androidjni)
    com.unity.modules.animation@1.0.0 (location: /Users/andrewfalcon/Desktop/dnHacks/dnHacksEnv/Library/PackageCache/com.unity.modules.animation)
    com.unity.modules.assetbundle@1.0.0 (location: /Users/andrewfalcon/Desktop/dnHacks/dnHacksEnv/Library/PackageCache/com.unity.modules.assetbundle)
    com.unity.modules.audio@1.0.0 (location: /Users/andrewfalcon/Desktop/dnHacks/dnHacksEnv/Library/PackageCache/com.unity.modules.audio)
    com.unity.modules.cloth@1.0.0 (location: /Users/andrewfalcon/Desktop/dnHacks/dnHacksEnv/Library/PackageCache/com.unity.modules.cloth)
    com.unity.modules.director@1.0.0 (location: /Users/andrewfalcon/Desktop/dnHacks/dnHacksEnv/Library/PackageCache/com.unity.modules.director)
    com.unity.modules.imageconversion@1.0.0 (location: /Users/andrewfalcon/Desktop/dnHacks/dnHacksEnv/Library/PackageCache/com.unity.modules.imageconversion)
    com.unity.modules.imgui@1.0.0 (location: /Users/andrewfalcon/Desktop/dnHacks/dnHacksEnv/Library/PackageCache/com.unity.modules.imgui)
    com.unity.modules.jsonserialize@1.0.0 (location: /Users/andrewfalcon/Desktop/dnHacks/dnHacksEnv/Library/PackageCache/com.unity.modules.jsonserialize)
    com.unity.modules.particlesystem@1.0.0 (location: /Users/andrewfalcon/Desktop/dnHacks/dnHacksEnv/Library/PackageCache/com.unity.modules.particlesystem)
    com.unity.modules.physics@1.0.0 (location: /Users/andrewfalcon/Desktop/dnHacks/dnHacksEnv/Library/PackageCache/com.unity.modules.physics)
    com.unity.modules.physics2d@1.0.0 (location: /Users/andrewfalcon/Desktop/dnHacks/dnHacksEnv/Library/PackageCache/com.unity.modules.physics2d)
    com.unity.modules.physicscore2d@1.0.0 (location: /Users/andrewfalcon/Desktop/dnHacks/dnHacksEnv/Library/PackageCache/com.unity.modules.physicscore2d)
    com.unity.modules.screencapture@1.0.0 (location: /Users/andrewfalcon/Desktop/dnHacks/dnHacksEnv/Library/PackageCache/com.unity.modules.screencapture)
    com.unity.modules.terrain@1.0.0 (location: /Users/andrewfalcon/Desktop/dnHacks/dnHacksEnv/Library/PackageCache/com.unity.modules.terrain)
    com.unity.modules.terrainphysics@1.0.0 (location: /Users/andrewfalcon/Desktop/dnHacks/dnHacksEnv/Library/PackageCache/com.unity.modules.terrainphysics)
    com.unity.modules.tetgen@1.0.0 (location: /Users/andrewfalcon/Desktop/dnHacks/dnHacksEnv/Library/PackageCache/com.unity.modules.tetgen)
    com.unity.modules.tilemap@1.0.0 (location: /Users/andrewfalcon/Desktop/dnHacks/dnHacksEnv/Library/PackageCache/com.unity.modules.tilemap)
    com.unity.modules.timelinefoundation@1.0.0 (location: /Users/andrewfalcon/Desktop/dnHacks/dnHacksEnv/Library/PackageCache/com.unity.modules.timelinefoundation)
    com.unity.modules.ui@1.0.0 (location: /Users/andrewfalcon/Desktop/dnHacks/dnHacksEnv/Library/PackageCache/com.unity.modules.ui)
    com.unity.modules.uielements@1.0.0 (location: /Users/andrewfalcon/Desktop/dnHacks/dnHacksEnv/Library/PackageCache/com.unity.modules.uielements)
    com.unity.modules.umbra@1.0.0 (location: /Users/andrewfalcon/Desktop/dnHacks/dnHacksEnv/Library/PackageCache/com.unity.modules.umbra)
    com.unity.modules.unityanalytics@1.0.0 (location: /Users/andrewfalcon/Desktop/dnHacks/dnHacksEnv/Library/PackageCache/com.unity.modules.unityanalytics)
    com.unity.modules.unitywebrequest@1.0.0 (location: /Users/andrewfalcon/Desktop/dnHacks/dnHacksEnv/Library/PackageCache/com.unity.modules.unitywebrequest)
    com.unity.modules.unitywebrequestassetbundle@1.0.0 (location: /Users/andrewfalcon/Desktop/dnHacks/dnHacksEnv/Library/PackageCache/com.unity.modules.unitywebrequestassetbundle)
    com.unity.modules.unitywebrequestaudio@1.0.0 (location: /Users/andrewfalcon/Desktop/dnHacks/dnHacksEnv/Library/PackageCache/com.unity.modules.unitywebrequestaudio)
    com.unity.modules.unitywebrequesttexture@1.0.0 (location: /Users/andrewfalcon/Desktop/dnHacks/dnHacksEnv/Library/PackageCache/com.unity.modules.unitywebrequesttexture)
    com.unity.modules.unitywebrequestwww@1.0.0 (location: /Users/andrewfalcon/Desktop/dnHacks/dnHacksEnv/Library/PackageCache/com.unity.modules.unitywebrequestwww)
    com.unity.modules.vectorgraphics@1.0.0 (location: /Users/andrewfalcon/Desktop/dnHacks/dnHacksEnv/Library/PackageCache/com.unity.modules.vectorgraphics)
    com.unity.modules.vehicles@1.0.0 (location: /Users/andrewfalcon/Desktop/dnHacks/dnHacksEnv/Library/PackageCache/com.unity.modules.vehicles)
    com.unity.modules.video@1.0.0 (location: /Users/andrewfalcon/Desktop/dnHacks/dnHacksEnv/Library/PackageCache/com.unity.modules.video)
    com.unity.modules.wind@1.0.0 (location: /Users/andrewfalcon/Desktop/dnHacks/dnHacksEnv/Library/PackageCache/com.unity.modules.wind)
    com.unity.modules.xr@1.0.0 (location: /Users/andrewfalcon/Desktop/dnHacks/dnHacksEnv/Library/PackageCache/com.unity.modules.xr)
    com.unity.modules.subsystems@1.0.0 (location: /Users/andrewfalcon/Desktop/dnHacks/dnHacksEnv/Library/PackageCache/com.unity.modules.subsystems)
    com.unity.modules.hierarchycore@1.0.0 (location: /Users/andrewfalcon/Desktop/dnHacks/dnHacksEnv/Library/PackageCache/com.unity.modules.hierarchycore)
    com.unity.ext.nunit@2.1.0 (location: /Users/andrewfalcon/Desktop/dnHacks/dnHacksEnv/Library/PackageCache/com.unity.ext.nunit@0198eae3b53e)
    com.unity.render-pipelines.core@17.6.0 (location: /Users/andrewfalcon/Desktop/dnHacks/dnHacksEnv/Library/PackageCache/com.unity.render-pipelines.core@2d66c71e606e)
    com.unity.shadergraph@17.6.0 (location: /Users/andrewfalcon/Desktop/dnHacks/dnHacksEnv/Library/PackageCache/com.unity.shadergraph@ef6135652377)
    com.unity.render-pipelines.universal-config@17.6.0 (location: /Users/andrewfalcon/Desktop/dnHacks/dnHacksEnv/Library/PackageCache/com.unity.render-pipelines.universal-config@561422b74439)
    com.unity.graph-authoring@1.0.0 (location: /Users/andrewfalcon/Desktop/dnHacks/dnHacksEnv/Library/PackageCache/com.unity.graph-authoring@cfd2588851ee)
    com.unity.burst@2.0.0 (location: /Users/andrewfalcon/Desktop/dnHacks/dnHacksEnv/Library/PackageCache/com.unity.burst@626e66ab421b)
    com.unity.collections@6.6.0 (location: /Users/andrewfalcon/Desktop/dnHacks/dnHacksEnv/Library/PackageCache/com.unity.collections@10fff0607388)
    com.unity.test-framework.performance@6.6.0 (location: /Users/andrewfalcon/Desktop/dnHacks/dnHacksEnv/Library/PackageCache/com.unity.test-framework.performance@0a60b857a52e)
[Subsystems] No new subsystems found in resolved package list.
[Package Manager] Done registering packages in 0.01 seconds
Starting: /Applications/Unity/Hub/Editor/6000.6.0f1/Unity.app/Contents/Resources/BuildPipeline/bee_backend --ipc --defer-dag-verification --dagfile="Library/Bee/200b0aE.dag" --continue-on-failure --profile="Library/Bee/backend1.traceevents" ScriptAssemblies
WorkingDir: /Users/andrewfalcon/Desktop/dnHacks/dnHacksEnv
warn: Unity.ILPP.Runner.PostProcessingAssemblyLoadContext[0]
      Assembly system.runtime.interopservices.windowsruntime has duplicate hint path. Ignoring "/Applications/Unity/Hub/Editor/6000.6.0f1/Unity.app/Contents/Resources/Scripting/UnityReferenceAssemblies/unity-4.8-api/Facades/System.Runtime.InteropServices.WindowsRuntime.dll" in favor of "/Applications/Unity/Hub/Editor/6000.6.0f1/Unity.app/Contents/Resources/Scripting/NetStandard/Extensions/2.0.0/System.Runtime.InteropServices.WindowsRuntime.dll"
warn: Unity.ILPP.Runner.PostProcessingAssemblyLoadContext[0]
      Assembly system.componentmodel.composition has duplicate hint path. Ignoring "/Applications/Unity/Hub/Editor/6000.6.0f1/Unity.app/Contents/Resources/Scripting/UnityReferenceAssemblies/unity-4.8-api/System.ComponentModel.Composition.dll" in favor of "/Applications/Unity/Hub/Editor/6000.6.0f1/Unity.app/Contents/Resources/Scripting/NetStandard/compat/2.1.0/shims/netfx/System.ComponentModel.Composition.dll"
ExitCode: 0 Duration: 0s294ms
[685/899    0s] ILPP-Configuration Library/ilpp-configuration.nevergeneratedoutput
*** Tundra build success (0.28 seconds), 1 items updated, 899 evaluated
Total cache size 31708008
Total cache size after purge 31708008, took 00:00:00.0139215
AssetDatabase: script compilation time: 0.737828s
Begin MonoManager ReloadAssembly
'Packages/com.unity.render-pipelines.core/Editor/Deprecated.cs' contains partial class of Unity.Object, exactly 1 of the partial classes needs to be in a file with the same filename. This is to know the one that can be referenced from ie. GameObjects
'Packages/com.unity.render-pipelines.core/Editor/Deprecated.cs' contains partial class of Unity.Object, exactly 1 of the partial classes needs to be in a file with the same filename. This is to know the one that can be referenced from ie. GameObjects
Native extension for OSXStandalone target not found
Native extension for WebGL target not found
ScheduleIndexationOnStartup MainProcess:True IndexOnStartup:True
Scripting: successfully reloaded assembly
- Finished resetting the current domain, in  0.457 seconds
Domain Reload Profiling: 882ms
	BeginReloadAssembly (95ms)
		DisableScriptedObjects (9ms)
		CreateAndSetChildDomain (24ms)
	RebuildCommonClasses (5ms)
	RebuildNativeTypeToScriptingClass (9ms)
	initialDomainReloadingComplete (21ms)
	LoadAllAssembliesAndSetupDomain (295ms)
		LoadAssemblies (133ms)
		TypeCache.Refresh (92ms)
			TypeCache.ScanAssembly (84ms)
		AnalyzeDomain (32ms)
			BuildScriptInfoCaches (28ms)
			ResolveRequiredComponents (3ms)
	FinalizeReload (458ms)
		SetupLoadedEditorAssemblies (0ms)
			BeforeProcessingInitializeOnLoad (49ms)
			ProcessInitializeOnLoadAttributes (160ms)
			ProcessInitializeOnLoadMethodAttributes (32ms)
		AwakeInstancesAfterBackupRestoration (9ms)
Starting new worker id: 0 with log in /Users/andrewfalcon/Desktop/dnHacks/dnHacksEnv/Logs/AssetImportWorkerHW0.log

Asset Pipeline Refresh (id=d11ab78d912224c1aa2193aa0e438eac): Total: 2.232 seconds - Initiated by InitialRefreshV2(ForceSynchronousImport)
	(Values over 0.05ms)
	Summary:
		Imports: total=0 (actual=0, local cache=0, cache server=0)
		Asset DB Process Time: managed=0 ms, native=997 ms
		Asset DB Callback time: managed=18 ms, native=6 ms
		Scripting: domain reloads=1, domain reload time=441 ms, compile time=740 ms, other=27 ms
		Project Asset Count: scripts=1368, non-scripts=2318
		Asset File Changes: new=0, changed=0, moved=0, deleted=0
		Scan Filter Count: 1
	InvokePackagesCallback: 7.252ms
	ApplyChangesToAssetFolders: 0.183ms
	Scan: 343.796ms
	Collect global state as custom dependencies: 11.226ms
	CategorizeScriptCompilationAssets: 32.070ms
	ProcessAssetsWithTransientArtifactChanges: 33.195ms
	CategorizeAssets: 34.286ms
	CompileScripts: 740.183ms
	ImportOutOfDateAssets: 462.510ms (460.539ms without children)
		UnloadImportedAssets: 0.506ms
		EnsureUptoDateAssetsAreRegisteredWithGuidPM: 0.407ms
		ImportSchedulerStart: 1.037ms
	PostProcessAllAssets: 18.737ms
		MonoPostProcessAllAssets: 18.714ms
			UniversalRenderPipelineGlobalSettingsPostprocessor.OnPostprocessAllAssets 7.004ms
			SyncVS.PostprocessSyncProject 4.439ms
			WindowAssetPostprocessingWatcher.OnPostprocessAllAssets 0.782ms
			SpeedTree9Postprocessor.OnPostprocessAllAssets 0.771ms
			EditModeScopePostprocessor.OnPostprocessAllAssets 0.382ms
			RenderPipelineGlobalSettingsPostprocessor.OnPostprocessAllAssets 0.300ms
			ShaderReflectionAssetPostProcessor.OnPostprocessAllAssets 0.239ms
			InputActionAssetPostprocessor.OnPostprocessAllAssets 0.116ms
			ReferencedClipsPostProcessor.OnPostprocessAllAssets 0.113ms
			TerrainToolbarOverlayPostProcessor.OnPostprocessAllAssets 0.093ms
			ProjectSettingsPostprocessor.OnPostprocessAllAssets 0.069ms
			AssetDatabaseCallbacks.OnPostprocessAllAssets 0.059ms
	UnloadStreamsBegin: 1.017ms
	PersistCurrentRevisions: 0.075ms
	GenerateScriptTypeHashes: 0.672ms
	GenerateScriptTypeSerializationHashes: 1.318ms
	Untracked: 545.693ms

Application.AssetDatabase Initial Refresh End
Shader Hidden/ChartRasterizerHardware is not supported: GPU does not support conservative rasterization
Launching external process: /Applications/Unity/Hub/Editor/6000.6.0f1/Unity.app/Contents/Helpers/UnityShaderCompiler
Launched and connected shader compiler UnityShaderCompiler after 0.01 seconds
Shader Hidden/ChartRasterizerHardware is not supported: GPU does not support conservative rasterization
Scanning for USB devices : 0.021ms
Initializing Unity extensions:
2026-09-05 14:37:13.021 Unity[80761:19436519] NSEventModifierFlagFunction specified to -setKeyEquivalentModifierMask: for item <NSMenuItem: 0x89c07e800 SDF, ke='Command-F12'>, but is only supported for system-provided menu items; will not be used
[MODES] ModeService[none].Initialize
[MODES] ModeService[none].LoadModes
[MODES] Loading mode Default (0) for mode-current-id-dnHacksEnv
Unloading 63 Unused Serialized files (Serialized files now loaded: 0)
Loaded scene 'Assets/Scenes/SampleScene.unity'
	Deserialize:            1.584 ms
	Integration:            11.838 ms
	Integration of assets:  0.001 ms
	Thread Wait Time:       0.005 ms
	Total Operation Time:   13.428 ms
Unloading 6621 unused Assets / (9.5 MB). Loaded Objects now: 7589.
Memory consumption went from 267.4 MB to 257.9 MB.
Total: 6.259208 ms (FindLiveObjects: 0.409709 ms CreateObjectMapping: 0.110125 ms MarkObjects: 4.215709 ms  DeleteObjects: 1.437250 ms)

[LAYOUT] About to load UserSettings/Layouts/default-6000.dwlt, keepMainWindow=False
[LAYOUT] About to save layout /Users/andrewfalcon/Desktop/dnHacks/dnHacksEnv/UserSettings/Layouts/default-6000.dwlt
[LAYOUT] About to save layout /Users/andrewfalcon/Library/Preferences/Unity/Editor-5.x/Layouts/current/default-6000.dwlt
[MODES] ModeService[default].InitializeCurrentMode
[MODES] ModeService[default].RaiseModeChanged(default, default)
[Project] Loading completed in 4.329 seconds
	Project init time: 				0.000 seconds
		Template init time: 		0.000 seconds
		Package Manager init time: 		0.000 seconds
		Asset Database init time: 		0.000 seconds
		Global illumination init time: 	0.000 seconds
		Assemblies load time: 			0.000 seconds
		Unity extensions init time: 	0.000 seconds
		Asset Database refresh time: 	0.000 seconds
	Scene opening time: 			0.000 seconds
##utp:{"type":"ProjectInfo","version":2,"phase":"Immediate","time":1788633433422,"processId":80761,"projectLoad":4.32939425,"projectInit":0.0,"templateInit":0.0,"packageManagerInit":0.0,"assetDatabaseInit":0.0,"globalIlluminationInit":0.0,"assembliesLoad":0.0,"unityExtensionsInit":0.0,"assetDatabaseRefresh":0.0,"sceneOpening":0.0}
##utp:{"type":"EditorInfo","version":2,"phase":"Immediate","time":1788633433422,"processId":80761,"editorVersion":"6000.6.0f1 (f7f8ed4d1e24)","branch":"6000.6/respin/6000.6.0f1-fa21a270ab12","buildType":"Release","platform":"OSX"}
Subscribe to USB device events
Start Indexing on Editor startup
[Indexing] Starting Initial Indexing for Assets
Worker ready: AssetImportWorkerHW0 0
GPU Resident Drawer created.
Created GICache directory at /Users/andrewfalcon/Library/Caches/com.unity3d.UnityEditor/GiCache. Took: 0.006s, timestamps: [4.335 - 4.341]
[Licensing::Client] Successfully resolved entitlement details
[Licensing::Client] Successfully resolved entitlement details
[Licensing::Client] Successfully resolved entitlement details
[Licensing::Client] Successfully updated the access token
[Licensing::Module] Successfully updated access token: "mqiYvvUQ"... (expires: 2026-09-05T19:53:40Z)
[Licensing::Client] Successfully resolved entitlement details
[Licensing::Client] Successfully resolved entitlement details
[Licensing::Client] Successfully resolved entitlement details
[Licensing::Client] Successfully resolved entitlement details
[Licensing::Client] Successfully resolved entitlement details
[Licensing::Client] Successfully resolved entitlement details
[Licensing::Client] Successfully resolved entitlement details
[Licensing::Client] Successfully resolved entitlement details
[Licensing::Client] Successfully resolved entitlement details
[Licensing::Client] Successfully resolved entitlement details
2026-09-05 14:37:34.998 Unity[80761:19436519] NSEventModifierFlagFunction specified to -setKeyEquivalentModifierMask: for item <NSMenuItem: 0x89c08b200 UI Toolkit Debugger, ke='Command-F5'>, but is only supported for system-provided menu items; will not be used
Starting new worker id: 1 with log in /Users/andrewfalcon/Desktop/dnHacks/dnHacksEnv/Logs/AssetImportWorkerHW1.log
[Worker0] Imported GUID: 614fb0ff6be344668a722b3a0a3f4e56 - Path: Assets/New Terrain.asset - Importer: PreviewImporter -> (ImportResultId: '7d4aa29db046aa511ee60624ff8b2cd4') in 0.015059417 seconds
Worker ready: AssetImportWorkerHW1 1
TrimDiskCacheJob: Current cache size 0mb
Asset Pipeline Refresh (id=36b34cb047c294fdf96021eb65887710): Total: 0.141 seconds - Initiated by RefreshV2(AllowForceSynchronousImport)
Asset Pipeline Refresh (id=f4943114ae56f4dfeb1e8d081f81af3b): Total: 0.069 seconds - Initiated by RefreshV2(AllowForceSynchronousImport)
Asset Pipeline Refresh (id=51e857c5965244a87854a8af9d7ecf1a): Total: 0.065 seconds - Initiated by RefreshV2(AllowForceSynchronousImport)
Asset Pipeline Refresh (id=b9bf5eb46501c40b3b453dddd9e5a7a3): Total: 0.062 seconds - Initiated by RefreshV2(AllowForceSynchronousImport)
Asset Pipeline Refresh (id=4e3f6e42b4c3c47e69f126f3686b403c): Total: 0.067 seconds - Initiated by RefreshV2(AllowForceSynchronousImport)
Asset Pipeline Refresh (id=c0c5a3d699a784a3ebc0e0d396527f0e): Total: 0.073 seconds - Initiated by RefreshV2(AllowForceSynchronousImport)
Asset Pipeline Refresh (id=9440667df6f164be496c9c8a60448af7): Total: 0.063 seconds - Initiated by RefreshV2(AllowForceSynchronousImport)
Importing 'GUID: c312225b2ff154375a71a9fa3fb70621 - Path: Assets/DonetskEnvironment' with importer (DefaultImporter)
Imported 'GUID: c312225b2ff154375a71a9fa3fb70621' -> (Import Result ID: 'f412e488621e937f4cf520c824b536d3') in 0.002 seconds [static dependencies only]. Details - ImportResultOutputID=33134438808cc2c89f611735aec31305 DependenciesID=9404bba4d07b4cc0c35b8cca9819ff86 StaticDependenciesID=704797a875521914d75b8cea3c770a13 
Importing 'GUID: 0256f8c7add9d4ccdb2306cdc2b739f7 - Path: Assets/DonetskEnvironment/donetskBuildings.mtl' with importer (DefaultImporter)
Imported 'GUID: 0256f8c7add9d4ccdb2306cdc2b739f7' -> (Import Result ID: '6f218c997e560952b5fdd5cc4bdfec27') in 1.241 seconds [static dependencies only]. Details - ImportResultOutputID=cd10d7a7b52ad7e01471daf4bd1ee2e3 DependenciesID=677bdd5e8b2ff0725660dc686fb35c7e StaticDependenciesID=28661c152031e7c8b65a346a385e2805 
Importing 'GUID: 81831c8e851ed44dc8d6dbf23053c088 - Path: Assets/DonetskEnvironment/donetskSatellite.jpg' with importer (TextureImporter)
Imported 'GUID: 81831c8e851ed44dc8d6dbf23053c088' -> (Import Result ID: 'cad7fb7e631a283040ecd3a056fcc443') in 0.231 seconds [static and dynamic dependencies]. Details - ImportResultOutputID=1897240cfca6fbb27d14208ebaa77272 DependenciesID=a1a6364e6da258d8eee454051bc6c4b1 StaticDependenciesID=575f7e5d8174f3194acfdaa563766b63 
Importing 'GUID: f3991e10246c948e1b3f60c1d73d6b8e - Path: Assets/DonetskEnvironment/donetskBuildings.obj' with importer (FBXImporter)
ImportFBX Warnings:
Can't import normals, because mesh 'default' doesn't have any.
Mesh 'default' has no normals. Recalculating normals.
Imported 'GUID: f3991e10246c948e1b3f60c1d73d6b8e' -> (Import Result ID: '9713b1a415286a108e7bfcd7b3e08c0e') in 0.790 seconds [static and dynamic dependencies]. Details - ImportResultOutputID=3287c81d36ff604b50eaac4d2e3aa4d7 DependenciesID=6447bde8b7d01483058f132816f41126 StaticDependenciesID=8c2d578ae609b52e1bd43216144c74b9 

Asset Pipeline Refresh (id=eb5eb7354c5aa4a668f3e9d168ab4a02): Total: 2.379 seconds - Initiated by RefreshV2(AllowForceSynchronousImport)
	(Values over 0.05ms)
	Summary:
		Imports: total=4 (actual=4, local cache=0, cache server=0)
		Asset DB Process Time: managed=53 ms, native=2312 ms
		Asset DB Callback time: managed=11 ms, native=2 ms
		Scripting: domain reloads=0, domain reload time=0 ms, compile time=0 ms, other=0 ms
		Project Asset Count: scripts=1369, non-scripts=2321
		Asset File Changes: new=4, changed=4, moved=0, deleted=0
		Scan Filter Count: 1
	InvokePackagesCallback: 0.260ms
	Scan: 84.209ms
	Collect global state as custom dependencies: 0.073ms
	OnSourceAssetsModified: 0.316ms
	CategorizeAssets: 12.741ms
	ImportOutOfDateAssets: 2266.733ms (0.112ms without children)
		ImportManagerImport: 2265.985ms (0.585ms without children)
		UnloadImportedAssets: 0.068ms
		EnsureUptoDateAssetsAreRegisteredWithGuidPM: 0.217ms
		InitializingProgressBar: 0.215ms
		ImportSchedulerStart: 0.109ms
	PostProcessAllAssets: 10.599ms
		XRBuildSystem.XRAssetImported 0.561ms
		MonoPostProcessAllAssets: 9.463ms
			BuilderAssetPostprocessor.OnPostprocessAllAssets 3.204ms
			TMPro_TexturePostProcessor.OnPostprocessAllAssets 0.891ms
			ShaderGraphAssetPostProcessor.OnPostprocessAllAssets 0.627ms
			UVCSAssetPostprocessor.OnPostprocessAllAssets 0.597ms
			AssetPostprocessor.OnPostprocessAllAssets 0.553ms
			ConfigAssetsTracker.OnPostprocessAllAssets 0.435ms
			RetainedModeAssetPostprocessor.OnPostprocessAllAssets 0.408ms
			SyncVS.PostprocessSyncProject 0.401ms
			TextAssetPostProcessor.OnPostprocessAllAssets 0.212ms
			ArtifactBrowserPostProcessor.OnPostprocessAllAssets 0.210ms
			MaterialPostprocessor.OnPostprocessAllAssets 0.202ms
			AssetChangedListener.OnPostprocessAllAssets 0.194ms
			PostProcessor.OnPostprocessAllAssets 0.143ms
			AudioMixerPostprocessor.OnPostprocessAllAssets 0.140ms
			InputActionJsonNameModifierAssetProcessor.OnPostprocessAllAssets 0.115ms
			AssetEvents.OnPostprocessAllAssets 0.084ms
			StyleCatalogPostProcessor.OnPostprocessAllAssets 0.083ms
			AssetReloadNotifier.OnPostprocessAllAssets 0.061ms
			ScenarioDriftAssetsTracker.OnPostprocessAllAssets 0.054ms
			SpeedTreePostProcessor.OnPostprocessAllAssets 0.053ms
			ThemePostprocessor.OnPostprocessAllAssets 0.051ms
	PostAssetChangesProfiler: 2.775ms
	GatherAllCurrentPrimaryImportResultRevisions: 0.062ms
	PersistCurrentRevisions: 0.096ms
	Untracked: 1.189ms

[Worker1] Imported GUID: 0256f8c7add9d4ccdb2306cdc2b739f7 - Path: Assets/DonetskEnvironment/donetskBuildings.mtl - Importer: ScriptedImporter/UnityEditor.QuickSearchModule:UnityEditor.Search:ASIAI0B -> (ImportResultId: '25ce041b29cbcb70770251500e6706bf') in 0.034720209 seconds
[Worker0] Imported GUID: 81831c8e851ed44dc8d6dbf23053c088 - Path: Assets/DonetskEnvironment/donetskSatellite.jpg - Importer: ScriptedImporter/UnityEditor.QuickSearchModule:UnityEditor.Search:ASIAI0B -> (ImportResultId: '92132afa6110eb3d801feb01f37f87fd') in 0.057391625 seconds
[Worker0] Imported GUID: c312225b2ff154375a71a9fa3fb70621 - Path: Assets/DonetskEnvironment - Importer: ScriptedImporter/UnityEditor.QuickSearchModule:UnityEditor.Search:ASIAI0B -> (ImportResultId: '349dca9521de4644331d85415e3ae49e') in 0.0074475 seconds
[Worker1] Imported GUID: f3991e10246c948e1b3f60c1d73d6b8e - Path: Assets/DonetskEnvironment/donetskBuildings.obj - Importer: ScriptedImporter/UnityEditor.QuickSearchModule:UnityEditor.Search:ASIAI0B -> (ImportResultId: '42f494e49a5ef1009528d4a409411f6a') in 0.045376458 seconds
Asset Pipeline Refresh (id=108ec760a71ee4772a3379f62de76bb4): Total: 0.072 seconds - Initiated by RefreshV2(AllowForceSynchronousImport)
Asset Pipeline Refresh (id=b5d0f1e3b75dc4ed2bb24048d7f31739): Total: 0.073 seconds - Initiated by RefreshV2(AllowForceSynchronousImport)
Asset Pipeline Refresh (id=68abd60596090452f97c93b290837b8d): Total: 0.068 seconds - Initiated by RefreshV2(AllowForceSynchronousImport)
Asset Pipeline Refresh (id=cb1d41d6121a14d72af02e07c2624f90): Total: 0.073 seconds - Initiated by RefreshV2(AllowForceSynchronousImport)
Asset Pipeline Refresh (id=197131bbf7bdb4601b9c6a1712e878b7): Total: 0.067 seconds - Initiated by RefreshV2(AllowForceSynchronousImport)
[Worker0] Imported GUID: 81831c8e851ed44dc8d6dbf23053c088 - Path: Assets/DonetskEnvironment/donetskSatellite.jpg - Importer: PreviewImporter -> (ImportResultId: 'f110871d23124930824760b8cda3dd99') in 0.068412708 seconds
[Worker1] Imported GUID: 727a75301c3d24613a3ebcec4a24c2c8 - Path: Assets/TutorialInfo/Icons/URP.png - Importer: PreviewImporter -> (ImportResultId: '56c2d3a8ca85348cf0faf44d8d5e42df') in 0.068962375 seconds
Thread 0x41352b000 may have been prematurely finalized
Importing 'GUID: d85a38e105f5f4e439b839df26311eef - Path: Assets/NewLayer.terrainlayer' with importer (NativeFormatImporter)
Imported 'GUID: d85a38e105f5f4e439b839df26311eef' -> (Import Result ID: 'c9495e7c4b1afcd2000f6a7a9cfe163c') in 0.000 seconds [static dependencies only]. Details - ImportResultOutputID=a3623dc759f05a3c37c9118777f19c34 DependenciesID=c36df3dd0103d3481f54650b6245eaa9 StaticDependenciesID=271f46d2b609eebeed5a9a4f6e6d8713 
Asset Pipeline Refresh (id=64dc51b2e6a384da9ae67adb30ce78e5): Total: 0.020 seconds - Initiated by StopAssetImportingV2(NoUpdateAssetOptions)
[Worker0] Imported GUID: d85a38e105f5f4e439b839df26311eef - Path: Assets/NewLayer.terrainlayer - Importer: ScriptedImporter/UnityEditor.QuickSearchModule:UnityEditor.Search:ASIAI0B -> (ImportResultId: '7af982ed69255119dde5812657eea29f') in 0.011900917 seconds
Asset Pipeline Refresh (id=e6980824f87c64b5db8645721f7a6a43): Total: 0.080 seconds - Initiated by RefreshV2(AllowForceSynchronousImport)
Asset Pipeline Refresh (id=7e761d03861834e858f277520b93c100): Total: 0.069 seconds - Initiated by RefreshV2(AllowForceSynchronousImport)
Asset Pipeline Refresh (id=9bedb694a2b2b404c9799025d9b6acd2): Total: 0.066 seconds - Initiated by RefreshV2(AllowForceSynchronousImport)
Asset Pipeline Refresh (id=1275105914bb84325abceea2cc085626): Total: 0.070 seconds - Initiated by RefreshV2(AllowForceSynchronousImport)
Asset Pipeline Refresh (id=6072dd3ae696f48e49b8a88df174a501): Total: 0.071 seconds - Initiated by RefreshV2(AllowForceSynchronousImport)
[Worker0] Imported GUID: c312225b2ff154375a71a9fa3fb70621 - Path: Assets/DonetskEnvironment - Importer: PreviewImporter -> (ImportResultId: '93e741c757564161b87cc4182ffeae47') in 0.006401875 seconds
Asset Pipeline Refresh (id=d232768f514d64f9eb09c986323db4cf): Total: 0.071 seconds - Initiated by RefreshV2(AllowForceSynchronousImport)
[Worker0] Imported GUID: f3991e10246c948e1b3f60c1d73d6b8e - Path: Assets/DonetskEnvironment/donetskBuildings.obj - Importer: PreviewImporter -> (ImportResultId: 'ff913c26c5e22f3810b458618cdd816d') in 3.183554041 seconds
Launching external process: /Applications/Unity/Hub/Editor/6000.6.0f1/Unity.app/Contents/Helpers/UnityShaderCompiler
Launching external process: /Applications/Unity/Hub/Editor/6000.6.0f1/Unity.app/Contents/Helpers/UnityShaderCompiler
Launching external process: /Applications/Unity/Hub/Editor/6000.6.0f1/Unity.app/Contents/Helpers/UnityShaderCompiler
Launched and connected shader compiler UnityShaderCompiler after 0.01 seconds
Launched and connected shader compiler UnityShaderCompiler after 0.01 seconds
Launched and connected shader compiler UnityShaderCompiler after 0.01 seconds
Launching external process: /Applications/Unity/Hub/Editor/6000.6.0f1/Unity.app/Contents/Helpers/UnityShaderCompiler
Launched and connected shader compiler UnityShaderCompiler after 0.01 seconds
Asset Pipeline Refresh (id=ed2f586ca8c4d4dd986ddfed698c4914): Total: 0.066 seconds - Initiated by RefreshV2(AllowForceSynchronousImport)
Thread 0x46972f000 may have been prematurely finalized
Asset Pipeline Refresh (id=df680f6b4a41142779f235b7dc8947ab): Total: 0.059 seconds - Initiated by RefreshV2(AllowForceSynchronousImport)
Thread 0x42dfc7000 may have been prematurely finalized
GPU Resident Drawer disposed.
Entering Playmode with Reload Domain disabled.
If you experience any issues, please disable "Enter Play Mode Options" in Editor Settings
Entering Playmode with Reload Scene disabled. If you experience any issues, please disable "Enter Play Mode Options" in Editor Settings
GPU Resident Drawer created.
Launching external process: /Applications/Unity/Hub/Editor/6000.6.0f1/Unity.app/Contents/Helpers/UnityShaderCompiler
Launched and connected shader compiler UnityShaderCompiler after 0.01 seconds
GPU Resident Drawer disposed.
Unloading 2 Unused Serialized files (Serialized files now loaded: 0)
Loaded scene 'Temp/__Backupscenes/0.backup'
	Deserialize:            0.443 ms
	Integration:            16.471 ms
	Integration of assets:  0.001 ms
	Thread Wait Time:       0.008 ms
	Total Operation Time:   16.923 ms
Unloading 94 unused Assets / (16.7 MB). Loaded Objects now: 9034.
Memory consumption went from 389.0 MB to 372.2 MB.
Total: 28.703042 ms (FindLiveObjects: 0.345833 ms CreateObjectMapping: 0.076250 ms MarkObjects: 26.245500 ms  DeleteObjects: 1.947459 ms)

[Licensing::Client] Successfully resolved entitlement details
GPU Resident Drawer created.
Asset Pipeline Refresh (id=366723e6d349e4253b216a0768eeaf6f): Total: 0.060 seconds - Initiated by RefreshV2(AllowForceSynchronousImport)
Asset Pipeline Refresh (id=b8d74366547544c479c008b2522e1fe5): Total: 0.076 seconds - Initiated by RefreshV2(AllowForceSynchronousImport)
Asset Pipeline Refresh (id=1a7ff1d20a2e54bf8b589005acfed57b): Total: 0.070 seconds - Initiated by RefreshV2(AllowForceSynchronousImport)
Asset Pipeline Refresh (id=07536b56b71a84804b591dbc1c9afabe): Total: 0.068 seconds - Initiated by RefreshV2(AllowForceSynchronousImport)
Importing 'GUID: 81831c8e851ed44dc8d6dbf23053c088 - Path: Assets/DonetskEnvironment/donetskSatellite.jpg' with importer (TextureImporter)
Imported 'GUID: 81831c8e851ed44dc8d6dbf23053c088' -> (Import Result ID: 'bff833852b28f60db2f3085e5c600a59') in 0.264 seconds [static and dynamic dependencies]. Details - ImportResultOutputID=497076050ba5ee640029062901fbaa58 DependenciesID=d127cf596fe7e156f40c0f86e4b12bcf StaticDependenciesID=3cba0b390e23faeb3ab7992b1c2ff2af 
Asset Pipeline Refresh (id=405e003a481254afb94f24264d5a045e): Total: 0.287 seconds - Initiated by StopAssetImportingV2(NoUpdateAssetOptions)
[Worker0] Imported GUID: 81831c8e851ed44dc8d6dbf23053c088 - Path: Assets/DonetskEnvironment/donetskSatellite.jpg - Importer: PreviewImporter -> (ImportResultId: 'b3bce26548c73a9f124898a0ff1f9411') in 0.017112041 seconds
[Worker0] Imported GUID: 81831c8e851ed44dc8d6dbf23053c088 - Path: Assets/DonetskEnvironment/donetskSatellite.jpg - Importer: ScriptedImporter/UnityEditor.QuickSearchModule:UnityEditor.Search:ASIAI0B -> (ImportResultId: 'cd9287965a83b72265e9b36830e0616f') in 0.010836667 seconds
Asset Pipeline Refresh (id=ac52c24660b40417f8f428306136d192): Total: 0.066 seconds - Initiated by RefreshV2(AllowForceSynchronousImport)
Asset Pipeline Refresh (id=e65a3f4714eca4163bf80a548cf33a5a): Total: 0.075 seconds - Initiated by RefreshV2(AllowForceSynchronousImport)
Importing 'GUID: 81831c8e851ed44dc8d6dbf23053c088 - Path: Assets/DonetskEnvironment/donetskSatellite.jpg' with importer (TextureImporter)
Imported 'GUID: 81831c8e851ed44dc8d6dbf23053c088' -> (Import Result ID: 'd7b9bc680587bc60b4c67d7c91d90ee8') in 0.249 seconds [static and dynamic dependencies]. Details - ImportResultOutputID=8b66e4d0e685716c4b059914f870bc93 DependenciesID=35efe5ab67e9a87336845a707495d734 StaticDependenciesID=702266af58ee3ec4672d0b12abab31e8 
Asset Pipeline Refresh (id=fc9cd6695c1a547d2b7024021691a215): Total: 0.271 seconds - Initiated by StopAssetImportingV2(NoUpdateAssetOptions)
[Worker0] Imported GUID: 81831c8e851ed44dc8d6dbf23053c088 - Path: Assets/DonetskEnvironment/donetskSatellite.jpg - Importer: PreviewImporter -> (ImportResultId: '54b6e9ca707da5e6118067bafa6c00b9') in 0.016388958 seconds
[Worker0] Imported GUID: 81831c8e851ed44dc8d6dbf23053c088 - Path: Assets/DonetskEnvironment/donetskSatellite.jpg - Importer: ScriptedImporter/UnityEditor.QuickSearchModule:UnityEditor.Search:ASIAI0B -> (ImportResultId: 'e6ee8677b8e208ff01f1542daf5fadba') in 0.010665458 seconds
Asset Pipeline Refresh (id=324575a0c9f8f46a1822800b8a91d9f4): Total: 0.071 seconds - Initiated by RefreshV2(AllowForceSynchronousImport)
Asset Pipeline Refresh (id=fa7a21edd3fe64463bd7f75afdc27ae2): Total: 0.072 seconds - Initiated by RefreshV2(AllowForceSynchronousImport)
Thread 0x453ca7000 may have been prematurely finalized
Asset Pipeline Refresh (id=006c4133eab0e445dbc945163f1c044c): Total: 0.067 seconds - Initiated by RefreshV2(AllowForceSynchronousImport)
Asset Pipeline Refresh (id=764e32b00d5ce42dd9e53254c261520f): Total: 0.064 seconds - Initiated by RefreshV2(AllowForceSynchronousImport)
Asset Pipeline Refresh (id=55117f43e75034f38bcb0a5b514bb57e): Total: 0.070 seconds - Initiated by RefreshV2(AllowForceSynchronousImport)
Asset Pipeline Refresh (id=90bac6b28858145219f89f340ea9aec7): Total: 0.068 seconds - Initiated by RefreshV2(AllowForceSynchronousImport)
2026-09-05 15:11:23.710 Unity[80761:19436519] NSEventModifierFlagFunction specified to -setKeyEquivalentModifierMask: for item <NSMenuItem: 0x89c07b700 SDF, ke='Command-F12'>, but is only supported for system-provided menu items; will not be used
2026-09-05 15:11:23.712 Unity[80761:19436519] NSEventModifierFlagFunction specified to -setKeyEquivalentModifierMask: for item <NSMenuItem: 0x89c06f980 SDF, ke='Command-F12'>, but is only supported for system-provided menu items; will not be used
Asset Pipeline Refresh (id=5308f45d551c54c17aed28cd82d2e231): Total: 0.073 seconds - Initiated by RefreshV2(AllowForceSynchronousImport)
2026-09-05 15:12:47.893 Unity[80761:19436519] NSEventModifierFlagFunction specified to -setKeyEquivalentModifierMask: for item <NSMenuItem: 0x89c06cc80 SDF, ke='Command-F12'>, but is only supported for system-provided menu items; will not be used
Importing 'GUID: 00000000000000009000000000000000 - Path: ProjectSettings/QualitySettings.asset' with importer (LibraryAssetImporter)
Imported 'GUID: 00000000000000009000000000000000' -> (Import Result ID: '8151b601d05d3e12de314c2aa1f82962') in 0.001 seconds [static dependencies only]. Details - ImportResultOutputID=2a108b3da874f726c62fbe5f12be4a8a DependenciesID=6180c49ef29638684367d2893c04e070 StaticDependenciesID=5b19720d9149525484b40148944c8e26 
Importing 'GUID: d85a38e105f5f4e439b839df26311eef - Path: Assets/NewLayer.terrainlayer' with importer (NativeFormatImporter)
Imported 'GUID: d85a38e105f5f4e439b839df26311eef' -> (Import Result ID: '0371ccc28829d76df1bbf0e3c9a2d1b4') in 0.000 seconds [static dependencies only]. Details - ImportResultOutputID=a3623dc759f05a3c37c9118777f19c34 DependenciesID=a1fcd5242b4d634746e95c4fef77087f StaticDependenciesID=3350c521cf81d5e7ce80c069a2d8d3a9 
Importing 'GUID: 614fb0ff6be344668a722b3a0a3f4e56 - Path: Assets/New Terrain.asset' with importer (NativeFormatImporter)
Imported 'GUID: 614fb0ff6be344668a722b3a0a3f4e56' -> (Import Result ID: 'bb27be9d9af4f847ddaa3877bfeed97c') in 0.001 seconds [static dependencies only]. Details - ImportResultOutputID=32b3a063fdaa7741bb309fca9b67ddfe DependenciesID=2b514dacbb7128dadc23a8c624bfe82f StaticDependenciesID=6941c08e7fb5a0dcd715850475e45fc8 
Asset Pipeline Refresh (id=da724cd1fb1b742cd92814a669d0f7ac): Total: 0.048 seconds - Initiated by StopAssetImportingV2(NoUpdateAssetOptions)
Importing 'GUID: 99c9720ab356a0642a771bea13969a05 - Path: Assets/Scenes/SampleScene.unity' with importer (DefaultImporter)
Imported 'GUID: 99c9720ab356a0642a771bea13969a05' -> (Import Result ID: 'af18fbf9139239e41c3ba7c940c45745') in 0.001 seconds [static dependencies only]. Details - ImportResultOutputID=b4491ddbae88a879b6308480a6079ca7 DependenciesID=133b45afdb4e2db073bac57eed3bda54 StaticDependenciesID=4802d73e4ad25aa8aa4ac39ac5639245 
Asset Pipeline Refresh (id=3037c029aa52441929844a8ca938d3e9): Total: 0.018 seconds - Initiated by StopAssetImportingV2(NoUpdateAssetOptions)
[Worker0] Imported GUID: 99c9720ab356a0642a771bea13969a05 - Path: Assets/Scenes/SampleScene.unity - Importer: ScriptedImporter/UnityEditor.QuickSearchModule:UnityEditor.Search:ASIAI0B -> (ImportResultId: 'd0528db08122997583fe864765b8b2f2') in 0.008204375 seconds
[Worker1] Imported GUID: d85a38e105f5f4e439b839df26311eef - Path: Assets/NewLayer.terrainlayer - Importer: ScriptedImporter/UnityEditor.QuickSearchModule:UnityEditor.Search:ASIAI0B -> (ImportResultId: 'cf6c84c1007978f1b5a8a9272fe9a2e0') in 0.0124415 seconds
[Worker0] Imported GUID: 614fb0ff6be344668a722b3a0a3f4e56 - Path: Assets/New Terrain.asset - Importer: ScriptedImporter/UnityEditor.QuickSearchModule:UnityEditor.Search:ASIAI0B -> (ImportResultId: '2758a54b1502794586a28371cd8d90a8') in 0.00904475 seconds
[Licensing::Client] Successfully resolved entitlement details
[Licensing::Client] Successfully resolved entitlement details
[Licensing::Client] Successfully resolved entitlement details
[Licensing::Client] Successfully updated the access token
[Licensing::Module] Successfully updated access token: "6RLFg_2f"... (expires: 2026-09-05T22:24:04Z)
[Licensing::Client] Successfully resolved entitlement details
Asset Pipeline Refresh (id=03cb79267b17044e99970db9f92b8918): Total: 0.099 seconds - Initiated by RefreshV2(AllowForceSynchronousImport)
[Licensing::Client] Successfully resolved entitlement details
Asset Pipeline Refresh (id=e1e0504d1f6aa4076a26c6cd172d2142): Total: 0.076 seconds - Initiated by RefreshV2(AllowForceSynchronousImport)
