
Server arguments:
  --memory-size 1073741824
  --shared-postfix 7149bca65bd04e376f6edb737fb02f50
  --working-directory Library/DataStore
  --silent-console
  --shutdown-grace 0
  --client-process-check 0
  --uds-log-file /Users/andrewfalcon/Desktop/dnHacks/dnHacksEnv/Logs/UDS-Service.log
  --debug-log 2
  -name Unity.DataStore

Initialising UDS system complete:
  - System type: Service
  - Resource namespace: 7149bca65bd04e376f6edb737fb02f50
  - Shared memory size: 1073741824
  - Command buffer id: 1052672
  - Command buffer size: 8192
  - Hashmap size: 4194304
Starting Unity Data Store Application
[Error] Failed to remove data for hash 03d3da6a1792256eb5b88164a1350a83. Failure received from service
 #2 process_remove_multiple_command(uds_system_t*, uds_command_t*)
 #3 uds_process_command(uds_system_t*, uds_command_t*)
 #4 uds::ServiceCommandListener::ProcessNextCommand()
 #5 uds::ServiceCommandListener::ExecuteCommandListenerLoop()
 #6 uds::Service::ExecuteServiceLoop()
 #7 main
 #8 start

[Error] Failed to remove data for hash 03d3da6a1792256eb5b88164a1350a83. Failure received from service
 #2 process_remove_multiple_command(uds_system_t*, uds_command_t*)
 #3 uds_process_command(uds_system_t*, uds_command_t*)
 #4 uds::ServiceCommandListener::ProcessNextCommand()
 #5 uds::ServiceCommandListener::ExecuteCommandListenerLoop()
 #6 uds::Service::ExecuteServiceLoop()
 #7 main
 #8 start

