[2026-09-05T18:37:09.322Z][INFO] Command-line: /Applications/Unity/Hub/Editor/6000.6.0f1/Unity.app/Contents/Helpers/PackageManager/Server/UnityPackageManager server -s 80761 --ipc-path /tmp/Unity-Upm-80761.sock -l 2 --log-file /Users/andrewfalcon/Desktop/dnHacks/dnHacksEnv/Logs/upm.log
[2026-09-05T18:37:09.330Z][INFO] IPC server started (IPC path=/tmp/Unity-Upm-80761.sock).
[2026-09-05T18:37:09.330Z][INFO] Hint: To connect to this UPM instance, launch Unity with the command-line parameter -upmIpcPath Upm-80761.
[2026-09-05T18:37:10.157Z][INFO] project:list-packages <-- Request received
params: {}
[2026-09-05T18:37:10.241Z][INFO] project:list-packages --> 200 (84 ms)
[2026-09-05T18:37:10.404Z][INFO] config:project:get-registries <-- Request received
params: {}
[2026-09-05T18:37:10.407Z][INFO] config:project:get-registries --> 200 (3 ms)
[2026-09-05T18:37:10.415Z][INFO] project:list-packages <-- Request received
params: {}
[2026-09-05T18:37:10.456Z][INFO] project:list-packages --> 200 (41 ms)
[2026-09-05T18:37:12.308Z][INFO] project:list-packages <-- Request received
params: {}
[2026-09-05T18:37:12.319Z][INFO] project:list-packages <-- Request received
params: {}
[2026-09-05T18:37:12.369Z][INFO] project:list-packages --> 200 (61 ms)
[2026-09-05T18:37:12.377Z][INFO] project:list-packages --> 200 (58 ms)
[2026-09-05T18:37:12.431Z][INFO] project:list-packages <-- Request received
params: {}
[2026-09-05T18:37:12.465Z][INFO] project:list-packages --> 200 (34 ms)
[2026-09-05T18:37:12.476Z][INFO] config:project:get-registries <-- Request received
params: {}
[2026-09-05T18:37:12.478Z][INFO] config:project:get-registries --> 200 (2 ms)
[2026-09-05T18:37:13.416Z][INFO] project:list-packages <-- Request received
params: {}
[2026-09-05T18:37:13.457Z][INFO] project:list-packages --> 200 (41 ms)
[2026-09-05T18:37:14.862Z][INFO] project:list-packages <-- Request received
params: {}
[2026-09-05T18:37:15.801Z][INFO] project:list-packages --> 200 (940 ms)
[2026-09-05T18:37:28.116Z][INFO] project:list-packages <-- Request received
params: {}
[2026-09-05T18:37:28.139Z][INFO] packages:get-all-packageinfo <-- Request received
params: {}
[2026-09-05T18:37:28.152Z][INFO] packages:get-all-packageinfo <-- Request received
params: {}
[2026-09-05T18:37:28.157Z][INFO] project:list-packages --> 200 (41 ms)
[2026-09-05T18:37:28.166Z][INFO] project:list-packages <-- Request received
params: {}
[2026-09-05T18:37:28.173Z][INFO] packages:get-all-packageinfo <-- Request received
params: {}
[2026-09-05T18:37:28.212Z][INFO] packages:get-all-packageinfo <-- Request received
params: {}
[2026-09-05T18:37:28.212Z][INFO] project:list-packages <-- Request received
params: {}
[2026-09-05T18:37:28.400Z][INFO] packages:get-all-packageinfo --> 200 (248 ms)
[2026-09-05T18:37:28.519Z][INFO] packages:get-all-packageinfo --> 200 (307 ms)
[2026-09-05T18:37:28.696Z][INFO] project:list-packages --> 200 (530 ms)
[2026-09-05T18:37:28.696Z][INFO] project:list-packages --> 200 (484 ms)
[2026-09-05T18:37:29.354Z][INFO] packages:get-all-packageinfo --> 200 (1215 ms)
[2026-09-05T18:37:29.356Z][INFO] packages:get-all-packageinfo --> 200 (1183 ms)
[2026-09-05T18:37:29.516Z][INFO] packages:get-packageinfo <-- Request received
params: {
  "packageId": "com.unity.addressables@2.11.2"
}
[2026-09-05T18:37:29.527Z][INFO] packages:get-packageinfo <-- Request received
params: {
  "packageId": "com.unity.ads.ios-support@1.0.1"
}
[2026-09-05T18:37:29.533Z][INFO] packages:get-packageinfo --> 200 (17 ms)
[2026-09-05T18:37:29.536Z][INFO] packages:get-packageinfo --> 200 (9 ms)
[2026-09-05T18:37:29.538Z][INFO] packages:get-packageinfo <-- Request received
params: {
  "packageId": "com.unity.project-auditor-rules@1.0.3"
}
[2026-09-05T18:37:29.543Z][INFO] packages:get-packageinfo --> 200 (5 ms)
[2026-09-05T18:37:29.549Z][INFO] packages:get-packageinfo <-- Request received
params: {
  "packageId": "com.unity.scriptablebuildpipeline@3.0.3"
}
[2026-09-05T18:37:29.555Z][INFO] packages:get-packageinfo --> 200 (6 ms)
[2026-09-05T18:37:29.560Z][INFO] packages:get-packageinfo <-- Request received
params: {
  "packageId": "com.unity.services.friends@1.1.1"
}
[2026-09-05T18:37:29.565Z][INFO] packages:get-packageinfo --> 200 (5 ms)
[2026-09-05T18:37:29.571Z][INFO] packages:get-packageinfo <-- Request received
params: {
  "packageId": "com.unity.services.moderation@1.0.2"
}
[2026-09-05T18:37:29.575Z][INFO] packages:get-packageinfo --> 200 (4 ms)
[2026-09-05T20:08:07.054Z][INFO] project:list-packages <-- Request received
params: {}
[2026-09-05T20:08:07.326Z][INFO] project:list-packages <-- Request received
params: {}
[2026-09-05T20:08:08.030Z][INFO] project:list-packages --> 200 (976 ms)
[2026-09-05T20:08:08.030Z][INFO] project:list-packages --> 200 (704 ms)
[2026-09-05T20:23:26.838Z][INFO] project:list-packages <-- Request received
params: {}
[2026-09-05T20:23:29.111Z][INFO] project:list-packages --> 200 (2274 ms)
[2026-09-05T20:24:08.589Z][INFO] project:list-packages <-- Request received
params: {}
[2026-09-05T20:24:10.121Z][INFO] project:list-packages --> 200 (1532 ms)
